Archive member included to satisfy reference by file (symbol)

D:/devkitPro/libctru/lib\libctru.a(linear.o)
                              main.o (linearAlloc)
D:/devkitPro/libctru/lib\libctru.a(mem_pool.o)
                              D:/devkitPro/libctru/lib\libctru.a(linear.o) (_ZN7MemPool8AllocateER8MemChunkmi)
D:/devkitPro/libctru/lib\libctru.a(console.o)
                              main.o (consoleSelect)
D:/devkitPro/libctru/lib\libctru.a(gfx.o)
                              D:/devkitPro/libctru/lib\libctru.a(console.o) (gfxIsWide)
D:/devkitPro/libctru/lib\libctru.a(os.o)
                              main.o (osGetTime)
D:/devkitPro/libctru/lib\libctru.a(romfs_dev.o)
                              main.o (romfsMountSelf)
D:/devkitPro/libctru/lib\libctru.a(ndsp.o)
                              main.o (ndspInit)
D:/devkitPro/libctru/lib\libctru.a(ndsp-channel.o)
                              main.o (ndspChnSetFormat)
D:/devkitPro/libctru/lib\libctru.a(apt.o)
                              main.o (aptMainLoop)
D:/devkitPro/libctru/lib\libctru.a(cfgu.o)
                              D:/devkitPro/libctru/lib\libctru.a(ndsp.o) (cfguInit)
D:/devkitPro/libctru/lib\libctru.a(dsp.o)
                              D:/devkitPro/libctru/lib\libctru.a(ndsp.o) (dspInit)
D:/devkitPro/libctru/lib\libctru.a(fs.o)
                              D:/devkitPro/libctru/lib\libctru.a(romfs_dev.o) (FSUSER_OpenFileDirectly)
D:/devkitPro/libctru/lib\libctru.a(gspgpu.o)
                              D:/devkitPro/libctru/lib\libctru.a(gfx.o) (gspInit)
D:/devkitPro/libctru/lib\libctru.a(hid.o)
                              main.o (hidScanInput)
D:/devkitPro/libctru/lib\libctru.a(irrst.o)
                              D:/devkitPro/libctru/lib\libctru.a(hid.o) (irrstInit)
D:/devkitPro/libctru/lib\libctru.a(ptmsysm.o)
                              D:/devkitPro/libctru/lib\libctru.a(os.o) (ptmSysmInit)
D:/devkitPro/libctru/lib\libctru.a(rbtree_find.o)
                              D:/devkitPro/libctru/lib\libctru.a(linear.o) (rbtree_find)
D:/devkitPro/libctru/lib\libctru.a(rbtree_init.o)
                              D:/devkitPro/libctru/lib\libctru.a(linear.o) (rbtree_init)
D:/devkitPro/libctru/lib\libctru.a(rbtree_insert.o)
                              D:/devkitPro/libctru/lib\libctru.a(linear.o) (rbtree_insert)
D:/devkitPro/libctru/lib\libctru.a(rbtree_remove.o)
                              D:/devkitPro/libctru/lib\libctru.a(linear.o) (rbtree_remove)
D:/devkitPro/libctru/lib\libctru.a(rbtree_rotate.o)
                              D:/devkitPro/libctru/lib\libctru.a(rbtree_insert.o) (rbtree_rotate)
D:/devkitPro/libctru/lib\libctru.a(utf16_to_utf8.o)
                              D:/devkitPro/libctru/lib\libctru.a(romfs_dev.o) (utf16_to_utf8)
D:/devkitPro/libctru/lib\libctru.a(utf8_to_utf16.o)
                              D:/devkitPro/libctru/lib\libctru.a(romfs_dev.o) (utf8_to_utf16)
D:/devkitPro/libctru/lib\libctru.a(allocateHeaps.o)
                              D:/devkitPro/libctru/lib\libctru.a(linear.o) (__ctru_linear_heap_size)
D:/devkitPro/libctru/lib\libctru.a(ctru_init.o)
                              D:/devkitPro/libctru/lib\libctru.a(apt.o) (__system_retAddr)
D:/devkitPro/libctru/lib\libctru.a(initArgv.o)
                              D:/devkitPro/libctru/lib\libctru.a(ctru_init.o) (__system_initArgv)
D:/devkitPro/libctru/lib\libctru.a(syscalls.o)
                              D:/devkitPro/libctru/lib\libctru.a(ctru_init.o) (__system_initSyscalls)
D:/devkitPro/libctru/lib\libctru.a(svc.o)
                              D:/devkitPro/libctru/lib\libctru.a(allocateHeaps.o) (svcControlMemory)
D:/devkitPro/libctru/lib\libctru.a(readtp.o)
                              D:/devkitPro/libctru/lib\libctru.a(romfs_dev.o) (__aeabi_read_tp)
D:/devkitPro/libctru/lib\libctru.a(stack_adjust.o)
                              D:/devkitPro/devkitARM/bin/../lib/gcc/arm-none-eabi/15.2.0/../../../../arm-none-eabi/lib/armv6k/fpu/3dsx_crt0.o (initSystem)
D:/devkitPro/libctru/lib\libctru.a(default_font.bin.o)
                              D:/devkitPro/libctru/lib\libctru.a(console.o) (default_font_bin)
D:/devkitPro/libctru/lib\libctru.a(vram.o)
                              D:/devkitPro/libctru/lib\libctru.a(gfx.o) (vramAlloc)
D:/devkitPro/libctru/lib\libctru.a(3dslink.o)
                              D:/devkitPro/libctru/lib\libctru.a(initArgv.o) (__3dslink_host)
D:/devkitPro/libctru/lib\libctru.a(env.o)
                              D:/devkitPro/libctru/lib\libctru.a(ndsp.o) (envGetHandle)
D:/devkitPro/libctru/lib\libctru.a(path_buf.o)
                              D:/devkitPro/libctru/lib\libctru.a(romfs_dev.o) (__ctru_dev_utf16_buf)
D:/devkitPro/libctru/lib\libctru.a(srv.o)
                              D:/devkitPro/libctru/lib\libctru.a(apt.o) (srvInit)
D:/devkitPro/libctru/lib\libctru.a(synchronization.o)
[...]
Memory Configuration

Name             Origin             Length             Attributes
*default*        0x00000000         0xffffffff

Linker script and memory map

                0x00000000                        __sync_synchronize = __sync_synchronize_dmb
                0x00100000                        PROVIDE (__start__ = 0x100000)
                0x00100000                        . = __start__

.text           0x00100000    0x1d2e0
 *(.crt0)
 .crt0          0x00100000       0x94 D:/devkitPro/devkitARM/bin/../lib/gcc/arm-none-eabi/15.2.0/../../../../arm-none-eabi/lib/armv6k/fpu/3dsx_crt0.o
                0x00100000                _start
                0x00100008                __service_ptr
                0x0010000c                __apt_appid
                0x00100010                __heap_size
                0x00100014                __linear_heap_size
                0x00100018                __system_arglist
                0x0010001c                __system_runflags
 *(.init)
 .init          0x00100094        0xc D:/devkitPro/devkitARM/bin/../lib/gcc/arm-none-eabi/15.2.0/armv6k/fpu/crti.o
                0x00100094                _init
 .init          0x001000a0        0xc D:/devkitPro/devkitARM/bin/../lib/gcc/arm-none-eabi/15.2.0/armv6k/fpu/crtn.o
                0x001000ac                        . = ALIGN (0x4)
 *(.text)
 .text          0x001000ac      0x20c D:/devkitPro/devkitARM/bin/../lib/gcc/arm-none-eabi/15.2.0/armv6k/fpu\libgcc.a(_udivsi3.o)
                0x001000ac                __aeabi_uidiv
                0x001000ac                __udivsi3
                0x00100298                __aeabi_uidivmod
 .text          0x001002b8      0x240 D:/devkitPro/devkitARM/bin/../lib/gcc/arm-none-eabi/15.2.0/armv6k/fpu\libgcc.a(_divsi3.o)
                0x001002b8                __divsi3
                0x001002b8                __aeabi_idiv
                0x001004d8                __aeabi_idivmod
 .text          0x001004f8        0x4 D:/devkitPro/devkitARM/bin/../lib/gcc/arm-none-eabi/15.2.0/armv6k/fpu\libgcc.a(_dvmd_tls.o)
                0x001004f8                __aeabi_idiv0
                0x001004f8                __aeabi_ldiv0
 .text          0x001004fc      0x3c0 D:/devkitPro/devkitARM/bin/../lib/gcc/arm-none-eabi/15.2.0/armv6k/fpu\libgcc.a(_arm_addsubdf3.o)
                0x001004fc                __aeabi_drsub
                0x00100504                __aeabi_dsub
                0x00100504                __subdf3
                0x00100508                __aeabi_dadd
                0x00100508                __adddf3
                0x001007b4                __floatunsidf
                0x001007b4                __aeabi_ui2d
                0x001007d8                __floatsidf
                0x001007d8                __aeabi_i2d
                0x00100800                __aeabi_f2d
                0x00100800                __extendsfdf2
                0x00100848                __floatundidf
                0x00100848                __aeabi_ul2d
                0x0010085c                __floatdidf
                0x0010085c                __aeabi_l2d
 .text          0x001008bc       0xd4 D:/devkitPro/devkitARM/bin/../lib/gcc/arm-none-eabi/15.2.0/armv6k/fpu\libgcc.a(_aeabi_ldivmod.o)
                0x001008bc                __aeabi_ldivmod
 .text          0x00100990       0x3c D:/devkitPro/devkitARM/bin/../lib/gcc/arm-none-eabi/15.2.0/armv6k/fpu\libgcc.a(_aeabi_uldivmod.o)
                0x00100990                __aeabi_uldivmod
 *fill*         0x001009cc       0x14 
 .text          0x001009e0      0x390 D:/devkitPro/devkitARM/bin/../lib/gcc/arm-none-eabi/15.2.0/../../../../arm-none-eabi/lib/armv6k/fpu\libg.a(libc_a-strcmp.o)
                0x001009e8                strcmp
 *(.text.*)
 .text.__do_global_dtors_aux
                0x00100d70       0x50 D:/devkitPro/devkitARM/bin/../lib/gcc/arm-none-eabi/15.2.0/armv6k/fpu/crtbegin.o
 .text.frame_dummy
                0x00100dc0       0x2c D:/devkitPro/devkitARM/bin/../lib/gcc/arm-none-eabi/15.2.0/armv6k/fpu/crtbegin.o
 .text.load_save
                0x00100dec       0x8c main.o
                0x00100dec                load_save
 .text.save_game
                0x00100e78       0x5c main.o
                0x00100e78                save_game
 .text.load_wav
                0x00100ed4      0x1cc main.o
                0x00100ed4                load_wav
 .text.init_sound
                0x001010a0       0x44 main.o
                0x001010a0                init_sound
 .text.carve_maze
                0x001010e4      0x118 main.o
                0x001010e4                carve_maze
 .text.draw_maze
                0x001011fc       0xc8 main.o
                0x001011fc                draw_maze
 .text.generate_level
                0x001012c4       0x60 main.o
                0x001012c4                generate_level
 *fill*         0x00101324        0x4 
 .text.startup.main
                0x00101328      0x5e0 main.o
                0x00101328                main
 .text._ZL21addrMapNodeComparatorPK11rbtree_nodeS1_
                0x00101908       0x24 D:/devkitPro/libctru/lib\libctru.a(linear.o)
 .text._ZL21addrMapNodeDestructorP11rbtree_node
                0x0010192c        0x4 D:/devkitPro/libctru/lib\libctru.a(linear.o)
 .text.linearMemAlign
                0x00101930      0x12c D:/devkitPro/libctru/lib\libctru.a(linear.o)
                0x00101930                linearMemAlign
 .text.linearAlloc
                0x00101a5c        0x8 D:/devkitPro/libctru/lib\libctru.a(linear.o)
                0x00101a5c                linearAlloc
 .text.linearFree
                0x00101a64       0x5c D:/devkitPro/libctru/lib\libctru.a(linear.o)
                0x00101a64                linearFree
 .text._ZN7MemPool13CoalesceRightEP8MemBlock
                0x00101ac0       0x88 D:/devkitPro/libctru/lib\libctru.a(mem_pool.o)
                0x00101ac0                _ZN7MemPool13CoalesceRightEP8MemBlock
 .text._ZN7MemPool8AllocateER8MemChunkmi
                0x00101b48      0x178 D:/devkitPro/libctru/lib\libctru.a(mem_pool.o)
                0x00101b48                _ZN7MemPool8AllocateER8MemChunkmi
 .text._ZN7MemPool10DeallocateERK8MemChunk
                0x00101cc0      0x118 D:/devkitPro/libctru/lib\libctru.a(mem_pool.o)
                0x00101cc0                _ZN7MemPool10DeallocateERK8MemChunk
 .text._ZN7MemPool12GetFreeSpaceEv
                0x00101dd8       0x30 D:/devkitPro/libctru/lib\libctru.a(mem_pool.o)
                0x00101dd8                _ZN7MemPool12GetFreeSpaceEv
 .text.consoleSelect
                0x00101e08       0x18 D:/devkitPro/libctru/lib\libctru.a(console.o)
                0x00101e08                consoleSelect
 .text.consoleDrawChar
                0x00101e20      0x1c8 D:/devkitPro/libctru/lib\libctru.a(console.o)
                0x00101e20                consoleDrawChar
 .text.consolePrintChar
                0x00101fe8      0x170 D:/devkitPro/libctru/lib\libctru.a(console.o)
                0x00101fe8                consolePrintChar
 .text.con_write
                0x00102158      0xcc8 D:/devkitPro/libctru/lib\libctru.a(console.o)
                0x00102158                con_write
 .text.newRow   0x00102e20       0xfc D:/devkitPro/libctru/lib\libctru.a(console.o)
 .text.consoleInit
                0x00102f1c      0x180 D:/devkitPro/libctru/lib\libctru.a(console.o)
                0x00102f1c                consoleInit
 .text.gfxPresentFramebuffer
                0x0010309c       0xcc D:/devkitPro/libctru/lib\libctru.a(gfx.o)
 .text.gfxIsWide
                0x00103168       0x1c D:/devkitPro/libctru/lib\libctru.a(gfx.o)
                0x00103168                gfxIsWide
 .text.gfxSetScreenFormat
                0x00103184       0xf8 D:/devkitPro/libctru/lib\libctru.a(gfx.o)
                0x00103184                gfxSetScreenFormat
 .text.gfxSetDoubleBuffering
                0x0010327c       0x10 D:/devkitPro/libctru/lib\libctru.a(gfx.o)
                0x0010327c                gfxSetDoubleBuffering
 .text.gfxInit  0x0010328c       0xd8 D:/devkitPro/libctru/lib\libctru.a(gfx.o)
                0x0010328c                gfxInit
 .text.gfxInitDefault
                0x00103364       0x10 D:/devkitPro/libctru/lib\libctru.a(gfx.o)
                0x00103364                gfxInitDefault
 .text.gfxExit  0x00103374       0xb8 D:/devkitPro/libctru/lib\libctru.a(gfx.o)
                0x00103374                gfxExit
 .text.gfxGetFramebuffer
                0x0010342c       0xa0 D:/devkitPro/libctru/lib\libctru.a(gfx.o)
                0x0010342c                gfxGetFramebuffer
 .text.gfxFlushBuffers
                0x001034cc      0x100 D:/devkitPro/libctru/lib\libctru.a(gfx.o)
                0x001034cc                gfxFlushBuffers
 .text.gfxSwapBuffers
                0x001035cc       0x50 D:/devkitPro/libctru/lib\libctru.a(gfx.o)
                0x001035cc                gfxSwapBuffers
 .text.gfxSwapBuffersGpu
                0x0010361c       0x50 D:/devkitPro/libctru/lib\libctru.a(gfx.o)
                0x0010361c                gfxSwapBuffersGpu
 .text.osConvertVirtToPhys
                0x0010366c       0x74 D:/devkitPro/libctru/lib\libctru.a(os.o)
                0x0010366c                osConvertVirtToPhys
 .text.osGetTimeRef
                0x001036e0       0x54 D:/devkitPro/libctru/lib\libctru.a(os.o)
                0x001036e0                osGetTimeRef
 .text.osGetTime
                0x00103734       0xec D:/devkitPro/libctru/lib\libctru.a(os.o)
                0x00103734                osGetTime
 .text.__ctru_speedup_config
                0x00103820       0x34 D:/devkitPro/libctru/lib\libctru.a(os.o)
                0x00103820                __ctru_speedup_config
 .text.romfs_close
                0x00103854        0x8 D:/devkitPro/libctru/lib\libctru.a(romfs_dev.o)
 .text.romfs_seek
                0x0010385c       0xac D:/devkitPro/libctru/lib\libctru.a(romfs_dev.o)
 .text.romfs_dirreset
                0x00103908       0x24 D:/devkitPro/libctru/lib\libctru.a(romfs_dev.o)
 .text.fill_dir
                0x0010392c       0xc0 D:/devkitPro/libctru/lib\libctru.a(romfs_dev.o)
 .text.romfs_dirnext
                0x001039ec      0x2ac D:/devkitPro/libctru/lib\libctru.a(romfs_dev.o)
 .text.romfs_free
                0x00103c98       0x74 D:/devkitPro/libctru/lib\libctru.a(romfs_dev.o)
 .text.searchForFile.constprop.0
                0x00103d0c       0xd0 D:/devkitPro/libctru/lib\libctru.a(romfs_dev.o)
 .text.searchForDir.constprop.0
                0x00103ddc       0xd4 D:/devkitPro/libctru/lib\libctru.a(romfs_dev.o)
 .text.navigateToDir.constprop.0
                0x00103eb0      0x1c0 D:/devkitPro/libctru/lib\libctru.a(romfs_dev.o)
 .text.romfs_open
                0x00104070      0x114 D:/devkitPro/libctru/lib\libctru.a(romfs_dev.o)
 .text.romfs_chdir
                0x00104184       0x4c D:/devkitPro/libctru/lib\libctru.a(romfs_dev.o)
 .text.romfs_diropen
                0x001041d0       0x68 D:/devkitPro/libctru/lib\libctru.a(romfs_dev.o)
 .text.romfs_stat
                0x00104238      0x178 D:/devkitPro/libctru/lib\libctru.a(romfs_dev.o)
 .text.romfs_dirclose
                0x001043b0        0x8 D:/devkitPro/libctru/lib\libctru.a(romfs_dev.o)
 .text.romfs_fstat
                0x001043b8       0x7c D:/devkitPro/libctru/lib\libctru.a(romfs_dev.o)
 .text.romfs_read
                0x00104434       0xd0 D:/devkitPro/libctru/lib\libctru.a(romfs_dev.o)
 .text.romfsMountFromFile
                0x00104504      0x294 D:/devkitPro/libctru/lib\libctru.a(romfs_dev.o)
                0x00104504                romfsMountFromFile
 .text.romfsMountFromCurrentProcess
                0x00104798       0x98 D:/devkitPro/libctru/lib\libctru.a(romfs_dev.o)
                0x00104798                romfsMountFromCurrentProcess
 .text.romfsMountSelf
                0x00104830      0x258 D:/devkitPro/libctru/lib\libctru.a(romfs_dev.o)
                0x00104830                romfsMountSelf
 .text.romfsUnmount
                0x00104a88       0xa0 D:/devkitPro/libctru/lib\libctru.a(romfs_dev.o)
                0x00104a88                romfsUnmount
 .text.ndspUpdateMaster
                0x00104b28      0x158 D:/devkitPro/libctru/lib\libctru.a(ndsp.o)
 .text.ndspFinalize
                0x00104c80      0x108 D:/devkitPro/libctru/lib\libctru.a(ndsp.o)
 .text.ndspInitialize.part.0
                0x00104d88      0x25c D:/devkitPro/libctru/lib\libctru.a(ndsp.o)
 .text.ndspHookCallback
                0x00104fe4      0x108 D:/devkitPro/libctru/lib\libctru.a(ndsp.o)
 *fill*         0x001050ec        0x4 
 .text.ndspThreadMain
                0x001050f0      0x318 D:/devkitPro/libctru/lib\libctru.a(ndsp.o)
 .text.ndspInit
                0x00105408      0x3f0 D:/devkitPro/libctru/lib\libctru.a(ndsp.o)
                0x00105408                ndspInit
 .text.ndspExit
                0x001057f8       0xd8 D:/devkitPro/libctru/lib\libctru.a(ndsp.o)
                0x001057f8                ndspExit
 .text.ndspSetOutputMode
                0x001058d0       0x34 D:/devkitPro/libctru/lib\libctru.a(ndsp.o)
                0x001058d0                ndspSetOutputMode
 .text.ndspChnReset
                0x00105904       0xe0 D:/devkitPro/libctru/lib\libctru.a(ndsp-channel.o)
                0x00105904                ndspChnReset
 .text.ndspChnSetFormat
                0x001059e4       0x18 D:/devkitPro/libctru/lib\libctru.a(ndsp-channel.o)
                0x001059e4                ndspChnSetFormat
 .text.ndspChnSetInterp
                0x001059fc       0x50 D:/devkitPro/libctru/lib\libctru.a(ndsp-channel.o)
                0x001059fc                ndspChnSetInterp
 .text.ndspChnSetRate
                0x00105a4c       0x60 D:/devkitPro/libctru/lib\libctru.a(ndsp-channel.o)
                0x00105a4c                ndspChnSetRate
 .text.ndspChnWaveBufClear
                0x00105aac       0xb0 D:/devkitPro/libctru/lib\libctru.a(ndsp-channel.o)
                0x00105aac                ndspChnWaveBufClear
 .text.ndspChnWaveBufAdd
                0x00105b5c       0xc8 D:/devkitPro/libctru/lib\libctru.a(ndsp-channel.o)
                0x00105b5c                ndspChnWaveBufAdd
 .text.ndspiInitChn
                0x00105c24       0x40 D:/devkitPro/libctru/lib\libctru.a(ndsp-channel.o)
                0x00105c24                ndspiInitChn
 .text.ndspiDirtyChn
                0x00105c64       0x2c D:/devkitPro/libctru/lib\libctru.a(ndsp-channel.o)
                0x00105c64                ndspiDirtyChn
 .text.ndspiUpdateChn
                0x00105c90      0x43c D:/devkitPro/libctru/lib\libctru.a(ndsp-channel.o)
                0x00105c90                ndspiUpdateChn
 .text.ndspiReadChnState
                0x001060cc      0x180 D:/devkitPro/libctru/lib\libctru.a(ndsp-channel.o)
                0x001060cc                ndspiReadChnState
 .text.aptConvertScreenForCapture
                0x0010624c      0x180 D:/devkitPro/libctru/lib\libctru.a(apt.o)
 .text.aptSendCommand
                0x001063cc      0x138 D:/devkitPro/libctru/lib\libctru.a(apt.o)
                0x001063cc                aptSendCommand
 *fill*         0x00106504        0x4 
 .text.aptExitProcess
                0x00106508       0x44 D:/devkitPro/libctru/lib\libctru.a(apt.o)
 .text.aptExit  0x0010654c      0x394 D:/devkitPro/libctru/lib\libctru.a(apt.o)
                0x0010654c                aptExit
 .text.aptHandleSleep
                0x001068e0       0xd8 D:/devkitPro/libctru/lib\libctru.a(apt.o)
                0x001068e0                aptHandleSleep
 .text.APT_SleepIfShellClosed
                0x001069b8       0x84 D:/devkitPro/libctru/lib\libctru.a(apt.o)
                0x001069b8                APT_SleepIfShellClosed
 .text.aptSetSleepAllowed
                0x00106a3c       0x78 D:/devkitPro/libctru/lib\libctru.a(apt.o)
                0x00106a3c                aptSetSleepAllowed
 .text.APT_UnlockTransition
                0x00106ab4       0x84 D:/devkitPro/libctru/lib\libctru.a(apt.o)
                0x00106ab4                APT_UnlockTransition
 .text.aptEventHandler
                0x00106b38      0x470 D:/devkitPro/libctru/lib\libctru.a(apt.o)
 .text.APT_ReceiveParameter
                0x00106fa8       0xbc D:/devkitPro/libctru/lib\libctru.a(apt.o)
                0x00106fa8                APT_ReceiveParameter
 .text.aptReceiveParameter.constprop.0
                0x00107064       0xb0 D:/devkitPro/libctru/lib\libctru.a(apt.o)
 *fill*         0x00107114        0x4 
 .text.aptScreenTransfer
                0x00107118      0x294 D:/devkitPro/libctru/lib\libctru.a(apt.o)
 .text.aptWaitForWakeUp.isra.0
                0x001073ac      0x2d0 D:/devkitPro/libctru/lib\libctru.a(apt.o)
 .text.aptJumpToHomeMenu
                0x0010767c       0xf4 D:/devkitPro/libctru/lib\libctru.a(apt.o)
                0x0010767c                aptJumpToHomeMenu
 .text.aptMainLoop
                0x00107770       0x58 D:/devkitPro/libctru/lib\libctru.a(apt.o)
                0x00107770                aptMainLoop
 .text.aptInit  0x001077c8      0x240 D:/devkitPro/libctru/lib\libctru.a(apt.o)
                0x001077c8                aptInit
 .text.APT_CheckNew3DS
                0x00107a08       0x90 D:/devkitPro/libctru/lib\libctru.a(apt.o)
                0x00107a08                APT_CheckNew3DS
 .text.cfguInit
                0x00107a98       0xa8 D:/devkitPro/libctru/lib\libctru.a(cfgu.o)
                0x00107a98                cfguInit
 .text.cfguExit
                0x00107b40       0x3c D:/devkitPro/libctru/lib\libctru.a(cfgu.o)
                0x00107b40                cfguExit
 .text.CFGU_GetConfigInfoBlk2
                0x00107b7c       0x4c D:/devkitPro/libctru/lib\libctru.a(cfgu.o)
                0x00107b7c                CFGU_GetConfigInfoBlk2
 .text.DSP_LoadComponent.part.0
                0x00107bc8       0xa4 D:/devkitPro/libctru/lib\libctru.a(dsp.o)
 .text.dspInit  0x00107c6c       0xfc D:/devkitPro/libctru/lib\libctru.a(dsp.o)
                0x00107c6c                dspInit
 .text.dspExit  0x00107d68       0x8c D:/devkitPro/libctru/lib\libctru.a(dsp.o)
                0x00107d68                dspExit
 .text.dspHook  0x00107df4       0x24 D:/devkitPro/libctru/lib\libctru.a(dsp.o)
                0x00107df4                dspHook
 .text.dspUnhook
                0x00107e18       0x30 D:/devkitPro/libctru/lib\libctru.a(dsp.o)
                0x00107e18                dspUnhook
 .text.aptDspSleep
                0x00107e48       0xb4 D:/devkitPro/libctru/lib\libctru.a(dsp.o)
                0x00107e48                aptDspSleep
 .text.aptDspWakeup
                0x00107efc       0xb4 D:/devkitPro/libctru/lib\libctru.a(dsp.o)
                0x00107efc                aptDspWakeup
 .text.aptDspCancel
                0x00107fb0       0x44 D:/devkitPro/libctru/lib\libctru.a(dsp.o)
                0x00107fb0                aptDspCancel
 .text.DSP_FlushDataCache
                0x00107ff4       0x50 D:/devkitPro/libctru/lib\libctru.a(dsp.o)
                0x00107ff4                DSP_FlushDataCache
 .text.DSP_SetSemaphore
                0x00108044       0x34 D:/devkitPro/libctru/lib\libctru.a(dsp.o)
                0x00108044                DSP_SetSemaphore
 .text.DSP_SetSemaphoreMask
                0x00108078       0x34 D:/devkitPro/libctru/lib\libctru.a(dsp.o)
                0x00108078                DSP_SetSemaphoreMask
 .text.DSP_GetSemaphoreHandle
                0x001080ac       0x38 D:/devkitPro/libctru/lib\libctru.a(dsp.o)
                0x001080ac                DSP_GetSemaphoreHandle
 .text.DSP_LoadComponent
                0x001080e4       0x3c D:/devkitPro/libctru/lib\libctru.a(dsp.o)
                0x001080e4                DSP_LoadComponent
 .text.DSP_RegisterInterruptEvents
                0x00108120       0x44 D:/devkitPro/libctru/lib\libctru.a(dsp.o)
                0x00108120                DSP_RegisterInterruptEvents
 .text.DSP_ReadPipeIfPossible
                0x00108164       0x78 D:/devkitPro/libctru/lib\libctru.a(dsp.o)
                0x00108164                DSP_ReadPipeIfPossible
 .text.DSP_WriteProcessPipe
                0x001081dc       0x4c D:/devkitPro/libctru/lib\libctru.a(dsp.o)
                0x001081dc                DSP_WriteProcessPipe
 .text.DSP_ConvertProcessAddressFromDspDram
                0x00108228       0x44 D:/devkitPro/libctru/lib\libctru.a(dsp.o)
                0x00108228                DSP_ConvertProcessAddressFromDspDram
 .text.DSP_RecvData
                0x0010826c       0x44 D:/devkitPro/libctru/lib\libctru.a(dsp.o)
                0x0010826c                DSP_RecvData
 .text.DSP_RecvDataIsReady
                0x001082b0       0x50 D:/devkitPro/libctru/lib\libctru.a(dsp.o)
                0x001082b0                DSP_RecvDataIsReady
 .text.fsInit   0x00108300      0x104 D:/devkitPro/libctru/lib\libctru.a(fs.o)
                0x00108300                fsInit
 .text.fsExit   0x00108404       0x3c D:/devkitPro/libctru/lib\libctru.a(fs.o)
                0x00108404                fsExit
 .text.fsExemptFromSession
                0x00108440       0x68 D:/devkitPro/libctru/lib\libctru.a(fs.o)
                0x00108440                fsExemptFromSession
 .text.fsUnexemptFromSession
                0x001084a8       0x50 D:/devkitPro/libctru/lib\libctru.a(fs.o)
                0x001084a8                fsUnexemptFromSession
 .text.FSUSER_OpenFile
                0x001084f8       0xcc D:/devkitPro/libctru/lib\libctru.a(fs.o)
                0x001084f8                FSUSER_OpenFile
 .text.FSUSER_OpenFileDirectly
                0x001085c4       0xcc D:/devkitPro/libctru/lib\libctru.a(fs.o)
                0x001085c4                FSUSER_OpenFileDirectly
 .text.FSUSER_DeleteFile
                0x00108690       0xb8 D:/devkitPro/libctru/lib\libctru.a(fs.o)
                0x00108690                FSUSER_DeleteFile
 .text.FSUSER_RenameFile
                0x00108748       0xf4 D:/devkitPro/libctru/lib\libctru.a(fs.o)
                0x00108748                FSUSER_RenameFile
 .text.FSUSER_DeleteDirectory
                0x0010883c       0xb8 D:/devkitPro/libctru/lib\libctru.a(fs.o)
                0x0010883c                FSUSER_DeleteDirectory
 .text.FSUSER_CreateFile
                0x001088f4       0xd0 D:/devkitPro/libctru/lib\libctru.a(fs.o)
                0x001088f4                FSUSER_CreateFile
 .text.FSUSER_CreateDirectory
                0x001089c4       0xc0 D:/devkitPro/libctru/lib\libctru.a(fs.o)
                0x001089c4                FSUSER_CreateDirectory
 .text.FSUSER_RenameDirectory
                0x00108a84       0xf4 D:/devkitPro/libctru/lib\libctru.a(fs.o)
                0x00108a84                FSUSER_RenameDirectory
 .text.FSUSER_OpenDirectory
                0x00108b78       0xb4 D:/devkitPro/libctru/lib\libctru.a(fs.o)
                0x00108b78                FSUSER_OpenDirectory
 .text.FSUSER_OpenArchive
                0x00108c2c       0x90 D:/devkitPro/libctru/lib\libctru.a(fs.o)
                0x00108c2c                FSUSER_OpenArchive
 .text.FSUSER_CloseArchive
                0x00108cbc       0x8c D:/devkitPro/libctru/lib\libctru.a(fs.o)
                0x00108cbc                FSUSER_CloseArchive
 .text.FSUSER_GetSdmcArchiveResource
                0x00108d48       0x74 D:/devkitPro/libctru/lib\libctru.a(fs.o)
                0x00108d48                FSUSER_GetSdmcArchiveResource
 .text.FSUSER_IsSdmcWritable
                0x00108dbc       0x64 D:/devkitPro/libctru/lib\libctru.a(fs.o)
                0x00108dbc                FSUSER_IsSdmcWritable
 .text.FSFILE_Read
                0x00108e20       0x64 D:/devkitPro/libctru/lib\libctru.a(fs.o)
                0x00108e20                FSFILE_Read
 .text.FSFILE_Write
                0x00108e84       0x6c D:/devkitPro/libctru/lib\libctru.a(fs.o)
                0x00108e84                FSFILE_Write
 .text.FSFILE_GetSize
                0x00108ef0       0x44 D:/devkitPro/libctru/lib\libctru.a(fs.o)
                0x00108ef0                FSFILE_GetSize
 .text.FSFILE_SetSize
                0x00108f34       0x28 D:/devkitPro/libctru/lib\libctru.a(fs.o)
                0x00108f34                FSFILE_SetSize
 .text.FSFILE_Close
                0x00108f5c       0x3c D:/devkitPro/libctru/lib\libctru.a(fs.o)
                0x00108f5c                FSFILE_Close
 .text.FSFILE_Flush
                0x00108f98       0x24 D:/devkitPro/libctru/lib\libctru.a(fs.o)
                0x00108f98                FSFILE_Flush
 .text.FSDIR_Read
                0x00108fbc       0x60 D:/devkitPro/libctru/lib\libctru.a(fs.o)
                0x00108fbc                FSDIR_Read
 .text.FSDIR_Close
                0x0010901c       0x3c D:/devkitPro/libctru/lib\libctru.a(fs.o)
                0x0010901c                FSDIR_Close
 .text.gspHardwareInit
                0x00109058      0xc70 D:/devkitPro/libctru/lib\libctru.a(gspgpu.o)
 .text.gspInit  0x00109cc8      0x288 D:/devkitPro/libctru/lib\libctru.a(gspgpu.o)
                0x00109cc8                gspInit
 .text.gspExit  0x00109f50      0x104 D:/devkitPro/libctru/lib\libctru.a(gspgpu.o)
                0x00109f50                gspExit
 .text.gspHasGpuRight
                0x0010a054       0x10 D:/devkitPro/libctru/lib\libctru.a(gspgpu.o)
                0x0010a054                gspHasGpuRight
 .text.gspPresentBuffer
                0x0010a064       0xa4 D:/devkitPro/libctru/lib\libctru.a(gspgpu.o)
                0x0010a064                gspPresentBuffer
 .text.gspWaitForEvent
                0x0010a108       0x50 D:/devkitPro/libctru/lib\libctru.a(gspgpu.o)
                0x0010a108                gspWaitForEvent
 .text.gxCmdQueueInterrupt
                0x0010a158        0x4 D:/devkitPro/libctru/lib\libctru.a(gspgpu.o)
                0x0010a158                gxCmdQueueInterrupt
 .text.gspEventThreadMain
                0x0010a15c      0x154 D:/devkitPro/libctru/lib\libctru.a(gspgpu.o)
 .text.GSPGPU_FlushDataCache
                0x0010a2b0       0x50 D:/devkitPro/libctru/lib\libctru.a(gspgpu.o)
                0x0010a2b0                GSPGPU_FlushDataCache
 .text.GSPGPU_SetLcdForceBlack
                0x0010a300       0x34 D:/devkitPro/libctru/lib\libctru.a(gspgpu.o)
                0x0010a300                GSPGPU_SetLcdForceBlack
 .text.GSPGPU_AcquireRight
                0x0010a334       0x84 D:/devkitPro/libctru/lib\libctru.a(gspgpu.o)
                0x0010a334                GSPGPU_AcquireRight
 .text.GSPGPU_ReleaseRight
                0x0010a3b8       0x64 D:/devkitPro/libctru/lib\libctru.a(gspgpu.o)
                0x0010a3b8                GSPGPU_ReleaseRight
 .text.GSPGPU_ImportDisplayCaptureInfo
                0x0010a41c       0x7c D:/devkitPro/libctru/lib\libctru.a(gspgpu.o)
                0x0010a41c                GSPGPU_ImportDisplayCaptureInfo
 .text.GSPGPU_SaveVramSysArea
                0x0010a498       0x2c D:/devkitPro/libctru/lib\libctru.a(gspgpu.o)
                0x0010a498                GSPGPU_SaveVramSysArea
 .text.GSPGPU_RestoreVramSysArea
                0x0010a4c4       0x2c D:/devkitPro/libctru/lib\libctru.a(gspgpu.o)
                0x0010a4c4                GSPGPU_RestoreVramSysArea
 .text.hidShouldUseIrrst
                0x0010a4f0       0x24 D:/devkitPro/libctru/lib\libctru.a(hid.o)
                0x0010a4f0                hidShouldUseIrrst
 .text.hidInit  0x0010a514      0x1cc D:/devkitPro/libctru/lib\libctru.a(hid.o)
                0x0010a514                hidInit
 .text.hidExit  0x0010a6e0       0xe8 D:/devkitPro/libctru/lib\libctru.a(hid.o)
                0x0010a6e0                hidExit
 .text.hidScanInput
                0x0010a7c8      0x2a0 D:/devkitPro/libctru/lib\libctru.a(hid.o)
                0x0010a7c8                hidScanInput
 .text.hidKeysHeld
                0x0010aa68       0x10 D:/devkitPro/libctru/lib\libctru.a(hid.o)
                0x0010aa68                hidKeysHeld
 .text.hidKeysDown
                0x0010aa78       0x10 D:/devkitPro/libctru/lib\libctru.a(hid.o)
                0x0010aa78                hidKeysDown
 .text.irrstInit
                0x0010aa88      0x1a4 D:/devkitPro/libctru/lib\libctru.a(irrst.o)
                0x0010aa88                irrstInit
 .text.irrstExit
                0x0010ac2c       0xdc D:/devkitPro/libctru/lib\libctru.a(irrst.o)
                0x0010ac2c                irrstExit
 .text.irrstScanInput
                0x0010ad08       0xb4 D:/devkitPro/libctru/lib\libctru.a(irrst.o)
                0x0010ad08                irrstScanInput
 .text.irrstKeysHeld
                0x0010adbc       0x24 D:/devkitPro/libctru/lib\libctru.a(irrst.o)
                0x0010adbc                irrstKeysHeld
 .text.ptmSysmInit
                0x0010ade0       0x78 D:/devkitPro/libctru/lib\libctru.a(ptmsysm.o)
                0x0010ade0                ptmSysmInit
 .text.ptmSysmExit
                0x0010ae58       0x3c D:/devkitPro/libctru/lib\libctru.a(ptmsysm.o)
                0x0010ae58                ptmSysmExit
 .text.PTMSYSM_ConfigureNew3DSCPU
                0x0010ae94       0x34 D:/devkitPro/libctru/lib\libctru.a(ptmsysm.o)
                0x0010ae94                PTMSYSM_ConfigureNew3DSCPU
 .text.rbtree_find
                0x0010aec8       0x74 D:/devkitPro/libctru/lib\libctru.a(rbtree_find.o)
                0x0010aec8                rbtree_find
 .text.rbtree_init
                0x0010af3c       0x10 D:/devkitPro/libctru/lib\libctru.a(rbtree_init.o)
                0x0010af3c                rbtree_init
 .text.do_insert
                0x0010af4c      0x198 D:/devkitPro/libctru/lib\libctru.a(rbtree_insert.o)
 .text.rbtree_insert
                0x0010b0e4        0x8 D:/devkitPro/libctru/lib\libctru.a(rbtree_insert.o)
                0x0010b0e4                rbtree_insert
 .text.rbtree_remove
                0x0010b0ec      0x310 D:/devkitPro/libctru/lib\libctru.a(rbtree_remove.o)
                0x0010b0ec                rbtree_remove
 .text.rbtree_rotate
                0x0010b3fc       0x90 D:/devkitPro/libctru/lib\libctru.a(rbtree_rotate.o)
                0x0010b3fc                rbtree_rotate
 .text.utf16_to_utf8
                0x0010b48c       0xe8 D:/devkitPro/libctru/lib\libctru.a(utf16_to_utf8.o)
                0x0010b48c                utf16_to_utf8
 .text.utf8_to_utf16
                0x0010b574       0xc0 D:/devkitPro/libctru/lib\libctru.a(utf8_to_utf16.o)
                0x0010b574                utf8_to_utf16
 *fill*         0x0010b634        0x4 
 .text.__system_allocateHeaps
                0x0010b638      0x1e8 D:/devkitPro/libctru/lib\libctru.a(allocateHeaps.o)
                0x0010b638                __system_allocateHeaps
 .text.__libctru_init
                0x0010b820       0x38 D:/devkitPro/libctru/lib\libctru.a(ctru_init.o)
                0x0010b820                __libctru_init
 .text.__system_initArgv
                0x0010b858      0x16c D:/devkitPro/libctru/lib\libctru.a(initArgv.o)
                0x0010b858                __system_initArgv
 .text.__syscall_getreent
                0x0010b9c4       0x30 D:/devkitPro/libctru/lib\libctru.a(syscalls.o)
                0x0010b9c4                __syscall_getreent
 .text.__syscall_gettod_r
                0x0010b9f4       0x64 D:/devkitPro/libctru/lib\libctru.a(syscalls.o)
                0x0010b9f4                __syscall_gettod_r
 .text.__syscall_lock_acquire
                0x0010ba58        0x4 D:/devkitPro/libctru/lib\libctru.a(syscalls.o)
                0x0010ba58                __syscall_lock_acquire
 .text.__syscall_lock_release
                0x0010ba5c        0x4 D:/devkitPro/libctru/lib\libctru.a(syscalls.o)
                0x0010ba5c                __syscall_lock_release
 .text.__syscall_lock_acquire_recursive
                0x0010ba60        0x4 D:/devkitPro/libctru/lib\libctru.a(syscalls.o)
                0x0010ba60                __syscall_lock_acquire_recursive
 .text.__syscall_lock_release_recursive
                0x0010ba64        0x4 D:/devkitPro/libctru/lib\libctru.a(syscalls.o)
                0x0010ba64                __syscall_lock_release_recursive
 .text.__syscall_exit
                0x0010ba68        0x4 D:/devkitPro/libctru/lib\libctru.a(syscalls.o)
                0x0010ba68                __syscall_exit
 .text.initThreadVars
                0x0010ba6c       0x54 D:/devkitPro/libctru/lib\libctru.a(syscalls.o)
                0x0010ba6c                initThreadVars
 .text.__system_initSyscalls
                0x0010bac0       0x80 D:/devkitPro/libctru/lib\libctru.a(syscalls.o)
                0x0010bac0                __system_initSyscalls
 .text.svcControlMemory
                0x0010bb40       0x20 D:/devkitPro/libctru/lib\libctru.a(svc.o)
                0x0010bb40                svcControlMemory
 .text.svcQueryMemory
                0x0010bb60       0x30 D:/devkitPro/libctru/lib\libctru.a(svc.o)
                0x0010bb60                svcQueryMemory
 .text.svcExitProcess
                0x0010bb90        0x8 D:/devkitPro/libctru/lib\libctru.a(svc.o)
                0x0010bb90                svcExitProcess
 .text.svcCreateThread
                0x0010bb98       0x20 D:/devkitPro/libctru/lib\libctru.a(svc.o)
                0x0010bb98                svcCreateThread
 .text.svcExitThread
                0x0010bbb8        0x8 D:/devkitPro/libctru/lib\libctru.a(svc.o)
                0x0010bbb8                svcExitThread
 .text.svcSleepThread
                0x0010bbc0        0x8 D:/devkitPro/libctru/lib\libctru.a(svc.o)
                0x0010bbc0                svcSleepThread
 .text.svcReleaseMutex
                0x0010bbc8        0x8 D:/devkitPro/libctru/lib\libctru.a(svc.o)
                0x0010bbc8                svcReleaseMutex
 .text.svcCreateEvent
                0x0010bbd0       0x14 D:/devkitPro/libctru/lib\libctru.a(svc.o)
                0x0010bbd0                svcCreateEvent
 .text.svcSignalEvent
                0x0010bbe4        0x8 D:/devkitPro/libctru/lib\libctru.a(svc.o)
                0x0010bbe4                svcSignalEvent
 .text.svcClearEvent
                0x0010bbec        0x8 D:/devkitPro/libctru/lib\libctru.a(svc.o)
                0x0010bbec                svcClearEvent
 .text.svcMapMemoryBlock
                0x0010bbf4        0x8 D:/devkitPro/libctru/lib\libctru.a(svc.o)
                0x0010bbf4                svcMapMemoryBlock
 .text.svcUnmapMemoryBlock
                0x0010bbfc        0x8 D:/devkitPro/libctru/lib\libctru.a(svc.o)
                0x0010bbfc                svcUnmapMemoryBlock
 .text.svcCreateAddressArbiter
                0x0010bc04       0x14 D:/devkitPro/libctru/lib\libctru.a(svc.o)
                0x0010bc04                svcCreateAddressArbiter
 .text.svcArbitrateAddressNoTimeout
                0x0010bc18        0x8 D:/devkitPro/libctru/lib\libctru.a(svc.o)
                0x0010bc18                svcArbitrateAddressNoTimeout
 .text.svcCloseHandle
                0x0010bc20        0x8 D:/devkitPro/libctru/lib\libctru.a(svc.o)
                0x0010bc20                svcCloseHandle
 .text.svcWaitSynchronization
                0x0010bc28        0x8 D:/devkitPro/libctru/lib\libctru.a(svc.o)
                0x0010bc28                svcWaitSynchronization
 .text.svcWaitSynchronizationN
                0x0010bc30       0x28 D:/devkitPro/libctru/lib\libctru.a(svc.o)
                0x0010bc30                svcWaitSynchronizationN
 .text.svcDuplicateHandle
                0x0010bc58       0x14 D:/devkitPro/libctru/lib\libctru.a(svc.o)
                0x0010bc58                svcDuplicateHandle
 .text.svcGetSystemTick
                0x0010bc6c        0x8 D:/devkitPro/libctru/lib\libctru.a(svc.o)
                0x0010bc6c                svcGetSystemTick
 .text.svcConnectToPort
                0x0010bc74       0x14 D:/devkitPro/libctru/lib\libctru.a(svc.o)
                0x0010bc74                svcConnectToPort
 .text.svcSendSyncRequest
                0x0010bc88        0x8 D:/devkitPro/libctru/lib\libctru.a(svc.o)
                0x0010bc88                svcSendSyncRequest
 .text.svcGetResourceLimit
                0x0010bc90       0x14 D:/devkitPro/libctru/lib\libctru.a(svc.o)
                0x0010bc90                svcGetResourceLimit
 .text.svcGetResourceLimitLimitValues
                0x0010bca4        0x8 D:/devkitPro/libctru/lib\libctru.a(svc.o)
                0x0010bca4                svcGetResourceLimitLimitValues
 .text.svcGetResourceLimitCurrentValues
                0x0010bcac        0x8 D:/devkitPro/libctru/lib\libctru.a(svc.o)
                0x0010bcac                svcGetResourceLimitCurrentValues
 .text.svcBreak
                0x0010bcb4        0x8 D:/devkitPro/libctru/lib\libctru.a(svc.o)
                0x0010bcb4                svcBreak
 .text.__aeabi_read_tp
                0x0010bcbc        0xc D:/devkitPro/libctru/lib\libctru.a(readtp.o)
                0x0010bcbc                __aeabi_read_tp
 .text.initSystem
                0x0010bcc8       0x50 D:/devkitPro/libctru/lib\libctru.a(stack_adjust.o)
                0x0010bcc8                initSystem
 .text.__ctru_exit
                0x0010bd18       0x14 D:/devkitPro/libctru/lib\libctru.a(stack_adjust.o)
                0x0010bd18                __ctru_exit
 .text._ZL21addrMapNodeComparatorPK11rbtree_nodeS1_
                0x0010bd2c       0x24 D:/devkitPro/libctru/lib\libctru.a(vram.o)
 .text._ZL21addrMapNodeDestructorP11rbtree_node
                0x0010bd50        0x4 D:/devkitPro/libctru/lib\libctru.a(vram.o)
 .text.vramMemAlignAt
                0x0010bd54      0x248 D:/devkitPro/libctru/lib\libctru.a(vram.o)
                0x0010bd54                vramMemAlignAt
 .text.vramAlloc
                0x0010bf9c        0xc D:/devkitPro/libctru/lib\libctru.a(vram.o)
                0x0010bf9c                vramAlloc
 .text.vramFree
                0x0010bfa8       0x94 D:/devkitPro/libctru/lib\libctru.a(vram.o)
                0x0010bfa8                vramFree
 .text.envGetHandle
                0x0010c03c       0x8c D:/devkitPro/libctru/lib\libctru.a(env.o)
                0x0010c03c                envGetHandle
 .text.envDestroyHandles
                0x0010c0c8       0x50 D:/devkitPro/libctru/lib\libctru.a(env.o)
                0x0010c0c8                envDestroyHandles
 .text.srvInit  0x0010c118      0x164 D:/devkitPro/libctru/lib\libctru.a(srv.o)
                0x0010c118                srvInit
 .text.srvExit  0x0010c27c       0x64 D:/devkitPro/libctru/lib\libctru.a(srv.o)
                0x0010c27c                srvExit
 .text.srvEnableNotification
                0x0010c2e0       0x60 D:/devkitPro/libctru/lib\libctru.a(srv.o)
                0x0010c2e0                srvEnableNotification
 .text.srvGetServiceHandleDirect
                0x0010c340       0xa0 D:/devkitPro/libctru/lib\libctru.a(srv.o)
                0x0010c340                srvGetServiceHandleDirect
 .text.srvGetServiceHandle
                0x0010c3e0       0x48 D:/devkitPro/libctru/lib\libctru.a(srv.o)
                0x0010c3e0                srvGetServiceHandle
 .text.srvSubscribe
                0x0010c428       0x34 D:/devkitPro/libctru/lib\libctru.a(srv.o)
                0x0010c428                srvSubscribe
 .text.srvReceiveNotification
                0x0010c45c       0x60 D:/devkitPro/libctru/lib\libctru.a(srv.o)
                0x0010c45c                srvReceiveNotification
 .text.srvPublishToSubscriber
                0x0010c4bc       0x38 D:/devkitPro/libctru/lib\libctru.a(srv.o)
                0x0010c4bc                srvPublishToSubscriber
 .text.__sync_init
                0x0010c4f4        0xc D:/devkitPro/libctru/lib\libctru.a(synchronization.o)
                0x0010c4f4                __sync_init
 .text.__sync_fini
                0x0010c500       0x18 D:/devkitPro/libctru/lib\libctru.a(synchronization.o)
                0x0010c500                __sync_fini
 .text.syncArbitrateAddress
                0x0010c518       0x28 D:/devkitPro/libctru/lib\libctru.a(synchronization.o)
                0x0010c518                syncArbitrateAddress
 .text.LightLock_Init
                0x0010c540       0x1c D:/devkitPro/libctru/lib\libctru.a(synchronization.o)
                0x0010c540                LightLock_Init
 .text.LightLock_Lock
                0x0010c55c       0xac D:/devkitPro/libctru/lib\libctru.a(synchronization.o)
                0x0010c55c                LightLock_Lock
 .text.LightLock_Unlock
                0x0010c608       0x40 D:/devkitPro/libctru/lib\libctru.a(synchronization.o)
                0x0010c608                LightLock_Unlock
 .text.RecursiveLock_Lock
                0x0010c648       0x54 D:/devkitPro/libctru/lib\libctru.a(synchronization.o)
                0x0010c648                RecursiveLock_Lock
 .text.RecursiveLock_Unlock
                0x0010c69c       0x54 D:/devkitPro/libctru/lib\libctru.a(synchronization.o)
                0x0010c69c                RecursiveLock_Unlock
 .text.LightEvent_Init
                0x0010c6f0       0x44 D:/devkitPro/libctru/lib\libctru.a(synchronization.o)
                0x0010c6f0                LightEvent_Init
 .text.LightEvent_Clear
                0x0010c734       0xb8 D:/devkitPro/libctru/lib\libctru.a(synchronization.o)
                0x0010c734                LightEvent_Clear
 .text.LightEvent_Signal
                0x0010c7ec       0xdc D:/devkitPro/libctru/lib\libctru.a(synchronization.o)
                0x0010c7ec                LightEvent_Signal
 .text.LightEvent_TryWait
                0x0010c8c8       0x50 D:/devkitPro/libctru/lib\libctru.a(synchronization.o)
                0x0010c8c8                LightEvent_TryWait
 .text.LightEvent_Wait
                0x0010c918       0xac D:/devkitPro/libctru/lib\libctru.a(synchronization.o)
                0x0010c918                LightEvent_Wait
 .text.threadCreate
                0x0010c9c4      0x1fc D:/devkitPro/libctru/lib\libctru.a(thread.o)
                0x0010c9c4                threadCreate
 .text.threadFree
                0x0010cbc0       0x38 D:/devkitPro/libctru/lib\libctru.a(thread.o)
                0x0010cbc0                threadFree
 .text.threadJoin
                0x0010cbf8       0x24 D:/devkitPro/libctru/lib\libctru.a(thread.o)
                0x0010cbf8                threadJoin
 .text.threadGetCurrent
                0x0010cc1c       0x30 D:/devkitPro/libctru/lib\libctru.a(thread.o)
                0x0010cc1c                threadGetCurrent
 .text.threadExit
                0x0010cc4c       0x40 D:/devkitPro/libctru/lib\libctru.a(thread.o)
                0x0010cc4c                threadExit
 .text._thread_begin
                0x0010cc8c       0x20 D:/devkitPro/libctru/lib\libctru.a(thread.o)
 .text.mappableFindAddressWithin
                0x0010ccac       0x90 D:/devkitPro/libctru/lib\libctru.a(mappable.o)
 .text.mappableInit
                0x0010cd3c       0x28 D:/devkitPro/libctru/lib\libctru.a(mappable.o)
                0x0010cd3c                mappableInit
 .text.mappableAlloc
                0x0010cd64       0x7c D:/devkitPro/libctru/lib\libctru.a(mappable.o)
                0x0010cd64                mappableAlloc
 .text.mappableFree
                0x0010cde0        0x4 D:/devkitPro/libctru/lib\libctru.a(mappable.o)
                0x0010cde0                mappableFree
 .text.srvPmGetSessionHandle
                0x0010cde4        0xc D:/devkitPro/libctru/lib\libctru.a(srvpm.o)
                0x0010cde4                srvPmGetSessionHandle
 .text.rbtree_node_next
                0x0010cdf0       0x60 D:/devkitPro/libctru/lib\libctru.a(rbtree_iterator.o)
                0x0010cdf0                rbtree_node_next
 .text.decode_utf16
                0x0010ce50       0x54 D:/devkitPro/libctru/lib\libctru.a(decode_utf16.o)
                0x0010ce50                decode_utf16
 .text.decode_utf8
                0x0010cea4      0x140 D:/devkitPro/libctru/lib\libctru.a(decode_utf8.o)
                0x0010cea4                decode_utf8
 .text.encode_utf16
                0x0010cfe4       0x54 D:/devkitPro/libctru/lib\libctru.a(encode_utf16.o)
                0x0010cfe4                encode_utf16
 .text.encode_utf8
                0x0010d038       0xe0 D:/devkitPro/libctru/lib\libctru.a(encode_utf8.o)
                0x0010d038                encode_utf8
 .text.__appExit
                0x0010d118       0x30 D:/devkitPro/libctru/lib\libctru.a(appExit.o)
                0x0010d118                __appExit
 .text.__appInit
                0x0010d148       0x30 D:/devkitPro/libctru/lib\libctru.a(appInit.o)
                0x0010d148                __appInit
 .text.__libctru_exit
                0x0010d178       0x90 D:/devkitPro/libctru/lib\libctru.a(ctru_exit.o)
                0x0010d178                __libctru_exit
 .text.error_cmp
                0x0010d208       0x24 D:/devkitPro/libctru/lib\libctru.a(archive_dev.o)
 .text.archive_translate_error
                0x0010d22c       0x50 D:/devkitPro/libctru/lib\libctru.a(archive_dev.o)
 .text.archive_seek
                0x0010d27c       0xc0 D:/devkitPro/libctru/lib\libctru.a(archive_dev.o)
 .text._archiveInit.part.0
                0x0010d33c       0x78 D:/devkitPro/libctru/lib\libctru.a(archive_dev.o)
 .text.archiveFindDevice.part.0
                0x0010d3b4      0x110 D:/devkitPro/libctru/lib\libctru.a(archive_dev.o)
 .text.archive_utf16path
                0x0010d4c4      0x298 D:/devkitPro/libctru/lib\libctru.a(archive_dev.o)
 .text._archiveUnmountDeviceStruct.part.0
                0x0010d75c       0x98 D:/devkitPro/libctru/lib\libctru.a(archive_dev.o)
 .text._archiveMountDevice
                0x0010d7f4      0x178 D:/devkitPro/libctru/lib\libctru.a(archive_dev.o)
 .text.archive_diropen
                0x0010d96c       0xf8 D:/devkitPro/libctru/lib\libctru.a(archive_dev.o)
 .text.archive_fstat
                0x0010da64       0xac D:/devkitPro/libctru/lib\libctru.a(archive_dev.o)
 .text.archive_fsync
                0x0010db10       0x74 D:/devkitPro/libctru/lib\libctru.a(archive_dev.o)
 .text.archive_close
                0x0010db84       0x74 D:/devkitPro/libctru/lib\libctru.a(archive_dev.o)
 .text.archive_dirclose
                0x0010dbf8       0x78 D:/devkitPro/libctru/lib\libctru.a(archive_dev.o)
 .text.sdmc_statvfs
                0x0010dc70       0xec D:/devkitPro/libctru/lib\libctru.a(archive_dev.o)
 .text.archive_chdir
                0x0010dd5c       0xf8 D:/devkitPro/libctru/lib\libctru.a(archive_dev.o)
 .text.archive_ftruncate
                0x0010de54       0x8c D:/devkitPro/libctru/lib\libctru.a(archive_dev.o)
 .text.archive_read
                0x0010dee0       0xbc D:/devkitPro/libctru/lib\libctru.a(archive_dev.o)
 .text.archive_unlink
                0x0010df9c       0xa8 D:/devkitPro/libctru/lib\libctru.a(archive_dev.o)
 .text.archive_rmdir
                0x0010e044       0xc0 D:/devkitPro/libctru/lib\libctru.a(archive_dev.o)
 .text.archive_mkdir
                0x0010e104       0xd8 D:/devkitPro/libctru/lib\libctru.a(archive_dev.o)
 .text.archive_stat
                0x0010e1dc      0x1a0 D:/devkitPro/libctru/lib\libctru.a(archive_dev.o)
 .text.archive_dirnext
                0x0010e37c      0x164 D:/devkitPro/libctru/lib\libctru.a(archive_dev.o)
 .text.archive_write
                0x0010e4e0      0x13c D:/devkitPro/libctru/lib\libctru.a(archive_dev.o)
 *fill*         0x0010e61c        0x4 
 .text.archive_open
                0x0010e620      0x254 D:/devkitPro/libctru/lib\libctru.a(archive_dev.o)
 .text.archive_rename
                0x0010e874      0x270 D:/devkitPro/libctru/lib\libctru.a(archive_dev.o)
 .text.archiveMountSdmc
                0x0010eae4      0x1c8 D:/devkitPro/libctru/lib\libctru.a(archive_dev.o)
                0x0010eae4                archiveMountSdmc
 .text.archiveUnmountAll
                0x0010ecac       0x54 D:/devkitPro/libctru/lib\libctru.a(archive_dev.o)
                0x0010ecac                archiveUnmountAll
 .text.__udivmoddi4
                0x0010ed00      0x130 D:/devkitPro/devkitARM/bin/../lib/gcc/arm-none-eabi/15.2.0/armv6k/fpu\libgcc.a(_udivmoddi4.o)
                0x0010ed00                __udivmoddi4
 .text.strncat  0x0010ee30       0xe4 D:/devkitPro/devkitARM/bin/../lib/gcc/arm-none-eabi/15.2.0/../../../../arm-none-eabi/lib/armv6k/fpu\libg.a(libc_a-strncat.o)
                0x0010ee30                strncat
 .text.srand    0x0010ef14       0x1c D:/devkitPro/devkitARM/bin/../lib/gcc/arm-none-eabi/15.2.0/../../../../arm-none-eabi/lib/armv6k/fpu\libg.a(libc_a-rand.o)
                0x0010ef14                srand
 .text.rand     0x0010ef30       0x44 D:/devkitPro/devkitARM/bin/../lib/gcc/arm-none-eabi/15.2.0/../../../../arm-none-eabi/lib/armv6k/fpu\libg.a(libc_a-rand.o)
                0x0010ef30                rand
 .text.memcpy   0x0010ef74      0x128 D:/devkitPro/devkitARM/bin/../lib/gcc/arm-none-eabi/15.2.0/../../../../arm-none-eabi/lib/armv6k/fpu\libg.a(libc_a-memcpy-stub.o)
                0x0010ef74                memcpy
 .text.strlen   0x0010f09c       0x8c D:/devkitPro/devkitARM/bin/../lib/gcc/arm-none-eabi/15.2.0/../../../../arm-none-eabi/lib/armv6k/fpu\libg.a(libc_a-strlen.o)
                0x0010f09c                strlen
 .text._fread_r
                0x0010f128      0x334 D:/devkitPro/devkitARM/bin/../lib/gcc/arm-none-eabi/15.2.0/../../../../arm-none-eabi/lib/armv6k/fpu\libg.a(libc_a-fread.o)
                0x0010f128                _fread_r
 .text.fread    0x0010f45c       0x38 D:/devkitPro/devkitARM/bin/../lib/gcc/arm-none-eabi/15.2.0/../../../../arm-none-eabi/lib/armv6k/fpu\libg.a(libc_a-fread.o)
                0x0010f45c                fread
 .text.bsearch  0x0010f494       0x78 D:/devkitPro/devkitARM/bin/../lib/gcc/arm-none-eabi/15.2.0/../../../../arm-none-eabi/lib/armv6k/fpu\libg.a(libc_a-bsearch.o)
                0x0010f494                bsearch
 .text._fopen_r
                0x0010f50c      0x134 D:/devkitPro/devkitARM/bin/../lib/gcc/arm-none-eabi/15.2.0/../../../../arm-none-eabi/lib/armv6k/fpu\libg.a(libc_a-fopen.o)
                0x0010f50c                _fopen_r
 .text.fopen    0x0010f640       0x28 D:/devkitPro/devkitARM/bin/../lib/gcc/arm-none-eabi/15.2.0/../../../../arm-none-eabi/lib/armv6k/fpu\libg.a(libc_a-fopen.o)
                0x0010f640                fopen
 .text.memalign
                0x0010f668       0x28 D:/devkitPro/devkitARM/bin/../lib/gcc/arm-none-eabi/15.2.0/../../../../arm-none-eabi/lib/armv6k/fpu\libg.a(libc_a-malign.o)
                0x0010f668                memalign
 .text.printf   0x0010f690       0x34 D:/devkitPro/devkitARM/bin/../lib/gcc/arm-none-eabi/15.2.0/../../../../arm-none-eabi/lib/armv6k/fpu\libg.a(libc_a-printf.o)
                0x0010f690                printf
 .text._strtoul_l.isra.0
                0x0010f6c4      0x1ec D:/devkitPro/devkitARM/bin/../lib/gcc/arm-none-eabi/15.2.0/../../../../arm-none-eabi/lib/armv6k/fpu\libg.a(libc_a-strtoul.o)
 .text.strtoul  0x0010f8b0       0x3c D:/devkitPro/devkitARM/bin/../lib/gcc/arm-none-eabi/15.2.0/../../../../arm-none-eabi/lib/armv6k/fpu\libg.a(libc_a-strtoul.o)
                0x0010f8b0                strtoul
 .text.strchr   0x0010f8ec      0x140 D:/devkitPro/devkitARM/bin/../lib/gcc/arm-none-eabi/15.2.0/../../../../arm-none-eabi/lib/armv6k/fpu\libg.a(libc_a-strchr.o)
                0x0010f8ec                strchr
 .text.memcmp   0x0010fa2c       0xd8 D:/devkitPro/devkitARM/bin/../lib/gcc/arm-none-eabi/15.2.0/../../../../arm-none-eabi/lib/armv6k/fpu\libg.a(libc_a-memcmp.o)
                0x0010fa2c                memcmp
 .text._memalign_r
                0x0010fb04      0x16c D:/devkitPro/devkitARM/bin/../lib/gcc/arm-none-eabi/15.2.0/../../../../arm-none-eabi/lib/armv6k/fpu\libg.a(libc_a-malignr.o)
                0x0010fb04                _memalign_r
 .text.__errno  0x0010fc70        0xc D:/devkitPro/devkitARM/bin/../lib/gcc/arm-none-eabi/15.2.0/../../../../arm-none-eabi/lib/armv6k/fpu\libg.a(libc_a-errno.o)
                0x0010fc70                __errno
 .text.__smakebuf_r
                0x0010fc7c      0x164 D:/devkitPro/devkitARM/bin/../lib/gcc/arm-none-eabi/15.2.0/../../../../arm-none-eabi/lib/armv6k/fpu\libg.a(libc_a-makebuf.o)
                0x0010fc7c                __smakebuf_r
 .text.__swhatbuf_r
                0x0010fde0       0x90 D:/devkitPro/devkitARM/bin/../lib/gcc/arm-none-eabi/15.2.0/../../../../arm-none-eabi/lib/armv6k/fpu\libg.a(libc_a-makebuf.o)
                0x0010fde0                __swhatbuf_r
 .text.memset   0x0010fe70       0xe4 D:/devkitPro/devkitARM/bin/../lib/gcc/arm-none-eabi/15.2.0/../../../../arm-none-eabi/lib/armv6k/fpu\libg.a(libc_a-memset.o)
                0x0010fe70                memset
 .text.__sflush_r
                0x0010ff54      0x22c D:/devkitPro/devkitARM/bin/../lib/gcc/arm-none-eabi/15.2.0/../../../../arm-none-eabi/lib/armv6k/fpu\libg.a(libc_a-fflush.o)
                0x0010ff54                __sflush_r
 .text._fflush_r
                0x00110180       0xc4 D:/devkitPro/devkitARM/bin/../lib/gcc/arm-none-eabi/15.2.0/../../../../arm-none-eabi/lib/armv6k/fpu\libg.a(libc_a-fflush.o)
                0x00110180                _fflush_r
 .text._fwrite_r
                0x00110244      0x104 D:/devkitPro/devkitARM/bin/../lib/gcc/arm-none-eabi/15.2.0/../../../../arm-none-eabi/lib/armv6k/fpu\libg.a(libc_a-fwrite.o)
                0x00110244                _fwrite_r
 .text.fwrite   0x00110348       0x38 D:/devkitPro/devkitARM/bin/../lib/gcc/arm-none-eabi/15.2.0/../../../../arm-none-eabi/lib/armv6k/fpu\libg.a(libc_a-fwrite.o)
                0x00110348                fwrite
 .text._malloc_r
                0x00110380      0x82c D:/devkitPro/devkitARM/bin/../lib/gcc/arm-none-eabi/15.2.0/../../../../arm-none-eabi/lib/armv6k/fpu\libg.a(libc_a-mallocr.o)
                0x00110380                _malloc_r
 .text._malloc_trim_r
                0x00110bac      0x114 D:/devkitPro/devkitARM/bin/../lib/gcc/arm-none-eabi/15.2.0/../../../../arm-none-eabi/lib/armv6k/fpu\libg.a(libc_a-freer.o)
                0x00110bac                _malloc_trim_r
 .text._free_r  0x00110cc0      0x314 D:/devkitPro/devkitARM/bin/../lib/gcc/arm-none-eabi/15.2.0/../../../../arm-none-eabi/lib/armv6k/fpu\libg.a(libc_a-freer.o)
                0x00110cc0                _free_r
 .text.setvbuf  0x00110fd4      0x294 D:/devkitPro/devkitARM/bin/../lib/gcc/arm-none-eabi/15.2.0/../../../../arm-none-eabi/lib/armv6k/fpu\libg.a(libc_a-setvbuf.o)
                0x00110fd4                setvbuf
 .text.stdio_exit_handler
                0x00111268       0x1c D:/devkitPro/devkitARM/bin/../lib/gcc/arm-none-eabi/15.2.0/../../../../arm-none-eabi/lib/armv6k/fpu\libg.a(libc_a-findfp.o)
 .text.cleanup_stdio
                0x00111284       0x5c D:/devkitPro/devkitARM/bin/../lib/gcc/arm-none-eabi/15.2.0/../../../../arm-none-eabi/lib/armv6k/fpu\libg.a(libc_a-findfp.o)
 .text.global_stdio_init.part.0
                0x001112e0      0x154 D:/devkitPro/devkitARM/bin/../lib/gcc/arm-none-eabi/15.2.0/../../../../arm-none-eabi/lib/armv6k/fpu\libg.a(libc_a-findfp.o)
 .text.__sfp    0x00111434      0x138 D:/devkitPro/devkitARM/bin/../lib/gcc/arm-none-eabi/15.2.0/../../../../arm-none-eabi/lib/armv6k/fpu\libg.a(libc_a-findfp.o)
                0x00111434                __sfp
 .text.__sinit  0x0011156c       0x5c D:/devkitPro/devkitARM/bin/../lib/gcc/arm-none-eabi/15.2.0/../../../../arm-none-eabi/lib/armv6k/fpu\libg.a(libc_a-findfp.o)
                0x0011156c                __sinit
 .text.__sfp_lock_acquire
                0x001115c8        0xc D:/devkitPro/devkitARM/bin/../lib/gcc/arm-none-eabi/15.2.0/../../../../arm-none-eabi/lib/armv6k/fpu\libg.a(libc_a-findfp.o)
                0x001115c8                __sfp_lock_acquire
 .text.__sfp_lock_release
                0x001115d4        0xc D:/devkitPro/devkitARM/bin/../lib/gcc/arm-none-eabi/15.2.0/../../../../arm-none-eabi/lib/armv6k/fpu\libg.a(libc_a-findfp.o)
                0x001115d4                __sfp_lock_release
 .text.__libc_init_array
                0x001115e0       0x84 D:/devkitPro/devkitARM/bin/../lib/gcc/arm-none-eabi/15.2.0/../../../../arm-none-eabi/lib/armv6k/fpu\libg.a(libc_a-init.o)
                0x001115e0                __libc_init_array
 .text.strncpy  0x00111664       0xd4 D:/devkitPro/devkitARM/bin/../lib/gcc/arm-none-eabi/15.2.0/../../../../arm-none-eabi/lib/armv6k/fpu\libg.a(libc_a-strncpy.o)
                0x00111664                strncpy
 .text._fseek_r
                0x00111738       0x1c D:/devkitPro/devkitARM/bin/../lib/gcc/arm-none-eabi/15.2.0/../../../../arm-none-eabi/lib/armv6k/fpu\libg.a(libc_a-fseek.o)
                0x00111738                _fseek_r
 .text.fseek    0x00111754       0x34 D:/devkitPro/devkitARM/bin/../lib/gcc/arm-none-eabi/15.2.0/../../../../arm-none-eabi/lib/armv6k/fpu\libg.a(libc_a-fseek.o)
                0x00111754                fseek
 .text.malloc   0x00111788       0x40 D:/devkitPro/devkitARM/bin/../lib/gcc/arm-none-eabi/15.2.0/../../../../arm-none-eabi/lib/armv6k/fpu\libg.a(libc_a-malloc.o)
                0x00111788                malloc
 .text.free     0x001117c8       0x20 D:/devkitPro/devkitARM/bin/../lib/gcc/arm-none-eabi/15.2.0/../../../../arm-none-eabi/lib/armv6k/fpu\libg.a(libc_a-malloc.o)
                0x001117c8                free
 .text._puts_r  0x001117e8       0xe0 D:/devkitPro/devkitARM/bin/../lib/gcc/arm-none-eabi/15.2.0/../../../../arm-none-eabi/lib/armv6k/fpu\libg.a(libc_a-puts.o)
                0x001117e8                _puts_r
 .text.puts     0x001118c8       0x20 D:/devkitPro/devkitARM/bin/../lib/gcc/arm-none-eabi/15.2.0/../../../../arm-none-eabi/lib/armv6k/fpu\libg.a(libc_a-puts.o)
                0x001118c8                puts
 .text.__sread  0x001118e8       0x44 D:/devkitPro/devkitARM/bin/../lib/gcc/arm-none-eabi/15.2.0/../../../../arm-none-eabi/lib/armv6k/fpu\libg.a(libc_a-stdio.o)
                0x001118e8                __sread
 .text.__swrite
                0x0011192c       0x68 D:/devkitPro/devkitARM/bin/../lib/gcc/arm-none-eabi/15.2.0/../../../../arm-none-eabi/lib/armv6k/fpu\libg.a(libc_a-stdio.o)
                0x0011192c                __swrite
 .text.__sseek  0x00111994       0x40 D:/devkitPro/devkitARM/bin/../lib/gcc/arm-none-eabi/15.2.0/../../../../arm-none-eabi/lib/armv6k/fpu\libg.a(libc_a-stdio.o)
                0x00111994                __sseek
 .text.__sclose
                0x001119d4        0x8 D:/devkitPro/devkitARM/bin/../lib/gcc/arm-none-eabi/15.2.0/../../../../arm-none-eabi/lib/armv6k/fpu\libg.a(libc_a-stdio.o)
                0x001119d4                __sclose
 .text.__malloc_lock
                0x001119dc        0xc D:/devkitPro/devkitARM/bin/../lib/gcc/arm-none-eabi/15.2.0/../../../../arm-none-eabi/lib/armv6k/fpu\libg.a(libc_a-mlock.o)
                0x001119dc                __malloc_lock
 .text.__malloc_unlock
                0x001119e8        0xc D:/devkitPro/devkitARM/bin/../lib/gcc/arm-none-eabi/15.2.0/../../../../arm-none-eabi/lib/armv6k/fpu\libg.a(libc_a-mlock.o)
                0x001119e8                __malloc_unlock
 .text._fseeko_r
                0x001119f4      0x588 D:/devkitPro/devkitARM/bin/../lib/gcc/arm-none-eabi/15.2.0/../../../../arm-none-eabi/lib/armv6k/fpu\libg.a(libc_a-fseeko.o)
                0x001119f4                _fseeko_r
 .text._fclose_r
                0x00111f7c      0x148 D:/devkitPro/devkitARM/bin/../lib/gcc/arm-none-eabi/15.2.0/../../../../arm-none-eabi/lib/armv6k/fpu\libg.a(libc_a-fclose.o)
                0x00111f7c                _fclose_r
 .text.fclose   0x001120c4       0x20 D:/devkitPro/devkitARM/bin/../lib/gcc/arm-none-eabi/15.2.0/../../../../arm-none-eabi/lib/armv6k/fpu\libg.a(libc_a-fclose.o)
                0x001120c4                fclose
 .text.time     0x001120e4       0x48 D:/devkitPro/devkitARM/bin/../lib/gcc/arm-none-eabi/15.2.0/../../../../arm-none-eabi/lib/armv6k/fpu\libg.a(libc_a-time.o)
                0x001120e4                time
 .text.putchar  0x0011212c       0x24 D:/devkitPro/devkitARM/bin/../lib/gcc/arm-none-eabi/15.2.0/../../../../arm-none-eabi/lib/armv6k/fpu\libg.a(libc_a-putchar.o)
                0x0011212c                putchar
 .text.__call_exitprocs
                0x00112150        0x4 D:/devkitPro/devkitARM/bin/../lib/gcc/arm-none-eabi/15.2.0/../../../../arm-none-eabi/lib/armv6k/fpu\libg.a(libc_a-exit.o)
                0x00112150                __call_exitprocs
 .text.exit     0x00112154       0x30 D:/devkitPro/devkitARM/bin/../lib/gcc/arm-none-eabi/15.2.0/../../../../arm-none-eabi/lib/armv6k/fpu\libg.a(libc_a-exit.o)
                0x00112154                exit
 .text.__sflags
                0x00112184       0xb8 D:/devkitPro/devkitARM/bin/../lib/gcc/arm-none-eabi/15.2.0/../../../../arm-none-eabi/lib/armv6k/fpu\libg.a(libc_a-flags.o)
                0x00112184                __sflags
 .text.__libc_fini_array
                0x0011223c       0x3c D:/devkitPro/devkitARM/bin/../lib/gcc/arm-none-eabi/15.2.0/../../../../arm-none-eabi/lib/armv6k/fpu\libg.a(libc_a-fini.o)
                0x0011223c                __libc_fini_array
 .text.strnlen  0x00112278       0x3c D:/devkitPro/devkitARM/bin/../lib/gcc/arm-none-eabi/15.2.0/../../../../arm-none-eabi/lib/armv6k/fpu\libg.a(libc_a-strnlen.o)
                0x00112278                strnlen
 .text.strncmp  0x001122b4       0xd8 D:/devkitPro/devkitARM/bin/../lib/gcc/arm-none-eabi/15.2.0/../../../../arm-none-eabi/lib/armv6k/fpu\libg.a(libc_a-strncmp.o)
                0x001122b4                strncmp
 .text.lflush   0x0011238c       0x38 D:/devkitPro/devkitARM/bin/../lib/gcc/arm-none-eabi/15.2.0/../../../../arm-none-eabi/lib/armv6k/fpu\libg.a(libc_a-refill.o)
 .text.__srefill_r
                0x001123c4      0x1a8 D:/devkitPro/devkitARM/bin/../lib/gcc/arm-none-eabi/15.2.0/../../../../arm-none-eabi/lib/armv6k/fpu\libg.a(libc_a-refill.o)
                0x001123c4                __srefill_r
 .text._fwalk_sglue
                0x0011256c       0x70 D:/devkitPro/devkitARM/bin/../lib/gcc/arm-none-eabi/15.2.0/../../../../arm-none-eabi/lib/armv6k/fpu\libg.a(libc_a-fwalk.o)
                0x0011256c                _fwalk_sglue
 .text.get_arg  0x001125dc      0x5e0 D:/devkitPro/devkitARM/bin/../lib/gcc/arm-none-eabi/15.2.0/../../../../arm-none-eabi/lib/armv6k/fpu\libg.a(libc_a-vfprintf.o)
 *fill*         0x00112bbc        0x4 
 .text._vfprintf_r
                0x00112bc0     0x3554 D:/devkitPro/devkitARM/bin/../lib/gcc/arm-none-eabi/15.2.0/../../../../arm-none-eabi/lib/armv6k/fpu\libg.a(libc_a-vfprintf.o)
                0x00112bc0                _vfprintf_r
 .text.__sbprintf
                0x00116114       0xb4 D:/devkitPro/devkitARM/bin/../lib/gcc/arm-none-eabi/15.2.0/../../../../arm-none-eabi/lib/armv6k/fpu\libg.a(libc_a-vfprintf.o)
 .text._wcrtomb_r
                0x001161c8       0xa0 D:/devkitPro/devkitARM/bin/../lib/gcc/arm-none-eabi/15.2.0/../../../../arm-none-eabi/lib/armv6k/fpu\libg.a(libc_a-wcrtomb.o)
                0x001161c8                _wcrtomb_r
 .text.__sfvwrite_r
                0x00116268      0x4a4 D:/devkitPro/devkitARM/bin/../lib/gcc/arm-none-eabi/15.2.0/../../../../arm-none-eabi/lib/armv6k/fpu\libg.a(libc_a-fvwrite.o)
                0x00116268                __sfvwrite_r
 .text.__locale_mb_cur_max
                0x0011670c       0x24 D:/devkitPro/devkitARM/bin/../lib/gcc/arm-none-eabi/15.2.0/../../../../arm-none-eabi/lib/armv6k/fpu\libg.a(libc_a-locale.o)
                0x0011670c                __locale_mb_cur_max
 .text.__sprint_r
                0x00116730       0x30 D:/devkitPro/devkitARM/bin/../lib/gcc/arm-none-eabi/15.2.0/../../../../arm-none-eabi/lib/armv6k/fpu\libg.a(libc_a-sprint_r.o)
                0x00116730                __sprint_r
 .text._putc_r  0x00116760       0xfc D:/devkitPro/devkitARM/bin/../lib/gcc/arm-none-eabi/15.2.0/../../../../arm-none-eabi/lib/armv6k/fpu\libg.a(libc_a-putc.o)
                0x00116760                _putc_r
 .text.quorem   0x0011685c      0x1c0 D:/devkitPro/devkitARM/bin/../lib/gcc/arm-none-eabi/15.2.0/../../../../arm-none-eabi/lib/armv6k/fpu\libg.a(libc_a-dtoa.o)
 *fill*         0x00116a1c        0x4 
 .text._dtoa_r  0x00116a20     0x1420 D:/devkitPro/devkitARM/bin/../lib/gcc/arm-none-eabi/15.2.0/../../../../arm-none-eabi/lib/armv6k/fpu\libg.a(libc_a-dtoa.o)
                0x00116a20                _dtoa_r
 .text.__swbuf_r
                0x00117e40      0x124 D:/devkitPro/devkitARM/bin/../lib/gcc/arm-none-eabi/15.2.0/../../../../arm-none-eabi/lib/armv6k/fpu\libg.a(libc_a-wbuf.o)
                0x00117e40                __swbuf_r
 .text.memchr   0x00117f64       0xe8 D:/devkitPro/devkitARM/bin/../lib/gcc/arm-none-eabi/15.2.0/../../../../arm-none-eabi/lib/armv6k/fpu\libg.a(libc_a-memchr-stub.o)
                0x00117f64                memchr
 .text._wcsrtombs_r
                0x0011804c       0x28 D:/devkitPro/devkitARM/bin/../lib/gcc/arm-none-eabi/15.2.0/../../../../arm-none-eabi/lib/armv6k/fpu\libg.a(libc_a-wcsrtombs.o)
                0x0011804c                _wcsrtombs_r
 .text.__swsetup_r
                0x00118074      0x140 D:/devkitPro/devkitARM/bin/../lib/gcc/arm-none-eabi/15.2.0/../../../../arm-none-eabi/lib/armv6k/fpu\libg.a(libc_a-wsetup.o)
                0x00118074                __swsetup_r
 .text._localeconv_r
                0x001181b4       0x24 D:/devkitPro/devkitARM/bin/../lib/gcc/arm-none-eabi/15.2.0/../../../../arm-none-eabi/lib/armv6k/fpu\libg.a(libc_a-localeconv.o)
                0x001181b4                _localeconv_r
 .text.memmove  0x001181d8      0x1a8 D:/devkitPro/devkitARM/bin/../lib/gcc/arm-none-eabi/15.2.0/../../../../arm-none-eabi/lib/armv6k/fpu\libg.a(libc_a-memmove.o)
                0x001181d8                memmove
 .text._realloc_r
                0x00118380      0x4f0 D:/devkitPro/devkitARM/bin/../lib/gcc/arm-none-eabi/15.2.0/../../../../arm-none-eabi/lib/armv6k/fpu\libg.a(libc_a-reallocr.o)
                0x00118380                _realloc_r
 .text.__utf8_wctomb
                0x00118870       0xf8 D:/devkitPro/devkitARM/bin/../lib/gcc/arm-none-eabi/15.2.0/../../../../arm-none-eabi/lib/armv6k/fpu\libg.a(libc_a-wctomb_r.o)
                0x00118870                __utf8_wctomb
 .text._wcsnrtombs_l
                0x00118968      0x15c D:/devkitPro/devkitARM/bin/../lib/gcc/arm-none-eabi/15.2.0/../../../../arm-none-eabi/lib/armv6k/fpu\libg.a(libc_a-wcsnrtombs.o)
                0x00118968                _wcsnrtombs_l
 .text._wcsnrtombs_r
                0x00118ac4       0x64 D:/devkitPro/devkitARM/bin/../lib/gcc/arm-none-eabi/15.2.0/../../../../arm-none-eabi/lib/armv6k/fpu\libg.a(libc_a-wcsnrtombs.o)
                0x00118ac4                _wcsnrtombs_r
 .text.frexp    0x00118b28       0x88 D:/devkitPro/devkitARM/bin/../lib/gcc/arm-none-eabi/15.2.0/../../../../arm-none-eabi/lib/armv6k/fpu\libg.a(libm_a-s_frexp.o)
                0x00118b28                frexp
 .text.__assert_func
                0x00118bb0       0x5c D:/devkitPro/devkitARM/bin/../lib/gcc/arm-none-eabi/15.2.0/../../../../arm-none-eabi/lib/armv6k/fpu\libg.a(libc_a-assert.o)
                0x00118bb0                __assert_func
 .text._Balloc  0x00118c0c       0x88 D:/devkitPro/devkitARM/bin/../lib/gcc/arm-none-eabi/15.2.0/../../../../arm-none-eabi/lib/armv6k/fpu\libg.a(libc_a-mprec.o)
                0x00118c0c                _Balloc
 .text._Bfree   0x00118c94       0x1c D:/devkitPro/devkitARM/bin/../lib/gcc/arm-none-eabi/15.2.0/../../../../arm-none-eabi/lib/armv6k/fpu\libg.a(libc_a-mprec.o)
                0x00118c94                _Bfree
 .text.__multadd
                0x00118cb0       0xf4 D:/devkitPro/devkitARM/bin/../lib/gcc/arm-none-eabi/15.2.0/../../../../arm-none-eabi/lib/armv6k/fpu\libg.a(libc_a-mprec.o)
                0x00118cb0                __multadd
 .text.__hi0bits
                0x00118da4       0x80 D:/devkitPro/devkitARM/bin/../lib/gcc/arm-none-eabi/15.2.0/../../../../arm-none-eabi/lib/armv6k/fpu\libg.a(libc_a-mprec.o)
                0x00118da4                __hi0bits
 .text.__lo0bits
                0x00118e24       0xf0 D:/devkitPro/devkitARM/bin/../lib/gcc/arm-none-eabi/15.2.0/../../../../arm-none-eabi/lib/armv6k/fpu\libg.a(libc_a-mprec.o)
                0x00118e24                __lo0bits
 .text.__i2b    0x00118f14       0xa4 D:/devkitPro/devkitARM/bin/../lib/gcc/arm-none-eabi/15.2.0/../../../../arm-none-eabi/lib/armv6k/fpu\libg.a(libc_a-mprec.o)
                0x00118f14                __i2b
 .text.__multiply
                0x00118fb8      0x230 D:/devkitPro/devkitARM/bin/../lib/gcc/arm-none-eabi/15.2.0/../../../../arm-none-eabi/lib/armv6k/fpu\libg.a(libc_a-mprec.o)
                0x00118fb8                __multiply
 .text.__pow5mult
                0x001191e8      0x130 D:/devkitPro/devkitARM/bin/../lib/gcc/arm-none-eabi/15.2.0/../../../../arm-none-eabi/lib/armv6k/fpu\libg.a(libc_a-mprec.o)
                0x001191e8                __pow5mult
 .text.__lshift
                0x00119318      0x138 D:/devkitPro/devkitARM/bin/../lib/gcc/arm-none-eabi/15.2.0/../../../../arm-none-eabi/lib/armv6k/fpu\libg.a(libc_a-mprec.o)
                0x00119318                __lshift
 .text.__mcmp   0x00119450       0x58 D:/devkitPro/devkitARM/bin/../lib/gcc/arm-none-eabi/15.2.0/../../../../arm-none-eabi/lib/armv6k/fpu\libg.a(libc_a-mprec.o)
                0x00119450                __mcmp
 .text.__mdiff  0x001194a8      0x218 D:/devkitPro/devkitARM/bin/../lib/gcc/arm-none-eabi/15.2.0/../../../../arm-none-eabi/lib/armv6k/fpu\libg.a(libc_a-mprec.o)
                0x001194a8                __mdiff
 .text.__d2b    0x001196c0      0x120 D:/devkitPro/devkitARM/bin/../lib/gcc/arm-none-eabi/15.2.0/../../../../arm-none-eabi/lib/armv6k/fpu\libg.a(libc_a-mprec.o)
                0x001196c0                __d2b
 .text.__utf8_mbtowc
                0x001197e0      0x340 D:/devkitPro/devkitARM/bin/../lib/gcc/arm-none-eabi/15.2.0/../../../../arm-none-eabi/lib/armv6k/fpu\libg.a(libc_a-mbtowc_r.o)
                0x001197e0                __utf8_mbtowc
 .text.fiprintf
                0x00119b20       0x3c D:/devkitPro/devkitARM/bin/../lib/gcc/arm-none-eabi/15.2.0/../../../../arm-none-eabi/lib/armv6k/fpu\libg.a(libc_a-fiprintf.o)
                0x00119b20                fiprintf
 .text.abort    0x00119b5c       0x14 D:/devkitPro/devkitARM/bin/../lib/gcc/arm-none-eabi/15.2.0/../../../../arm-none-eabi/lib/armv6k/fpu\libg.a(libc_a-abort.o)
                0x00119b5c                abort
 .text._calloc_r
                0x00119b70       0xd8 D:/devkitPro/devkitARM/bin/../lib/gcc/arm-none-eabi/15.2.0/../../../../arm-none-eabi/lib/armv6k/fpu\libg.a(libc_a-callocr.o)
                0x00119b70                _calloc_r
 .text.get_arg  0x00119c48      0x5e0 D:/devkitPro/devkitARM/bin/../lib/gcc/arm-none-eabi/15.2.0/../../../../arm-none-eabi/lib/armv6k/fpu\libg.a(libc_a-vfiprintf.o)
 .text._vfiprintf_r
                0x0011a228     0x22f8 D:/devkitPro/devkitARM/bin/../lib/gcc/arm-none-eabi/15.2.0/../../../../arm-none-eabi/lib/armv6k/fpu\libg.a(libc_a-vfiprintf.o)
                0x0011a228                _vfiprintf_r
 .text.__sbprintf
                0x0011c520       0xb4 D:/devkitPro/devkitARM/bin/../lib/gcc/arm-none-eabi/15.2.0/../../../../arm-none-eabi/lib/armv6k/fpu\libg.a(libc_a-vfiprintf.o)
 .text._raise_r
                0x0011c5d4       0x9c D:/devkitPro/devkitARM/bin/../lib/gcc/arm-none-eabi/15.2.0/../../../../arm-none-eabi/lib/armv6k/fpu\libg.a(libc_a-signal.o)
                0x0011c5d4                _raise_r
 .text.raise    0x0011c670       0x20 D:/devkitPro/devkitARM/bin/../lib/gcc/arm-none-eabi/15.2.0/../../../../arm-none-eabi/lib/armv6k/fpu\libg.a(libc_a-signal.o)
                0x0011c670                raise
 .text._exit    0x0011c690       0x20 D:/devkitPro/devkitARM/bin/../lib/gcc/arm-none-eabi/15.2.0/../../../../arm-none-eabi/lib/armv6k/fpu\libsysbase.a(libsysbase_libsysbase_a-_exit.o)
                0x0011c690                _exit
 .text.chdir    0x0011c6b0      0x140 D:/devkitPro/devkitARM/bin/../lib/gcc/arm-none-eabi/15.2.0/../../../../arm-none-eabi/lib/armv6k/fpu\libsysbase.a(libsysbase_libsysbase_a-chdir.o)
                0x0011c6b0                chdir
 .text._concatenate_path
                0x0011c7f0      0x1c8 D:/devkitPro/devkitARM/bin/../lib/gcc/arm-none-eabi/15.2.0/../../../../arm-none-eabi/lib/armv6k/fpu\libsysbase.a(libsysbase_libsysbase_a-concatenate.o)
                0x0011c7f0                _concatenate_path
 .text._fstat_r
                0x0011c9b8       0x9c D:/devkitPro/devkitARM/bin/../lib/gcc/arm-none-eabi/15.2.0/../../../../arm-none-eabi/lib/armv6k/fpu\libsysbase.a(libsysbase_libsysbase_a-fstat.o)
                0x0011c9b8                _fstat_r
 .text._getpid_r
                0x0011ca54       0x14 D:/devkitPro/devkitARM/bin/../lib/gcc/arm-none-eabi/15.2.0/../../../../arm-none-eabi/lib/armv6k/fpu\libsysbase.a(libsysbase_libsysbase_a-getpid.o)
                0x0011ca54                _getpid_r
 .text.__getreent
                0x0011ca68       0x2c D:/devkitPro/devkitARM/bin/../lib/gcc/arm-none-eabi/15.2.0/../../../../arm-none-eabi/lib/armv6k/fpu\libsysbase.a(libsysbase_libsysbase_a-getreent.o)
                0x0011ca68                __getreent
 .text._gettimeofday_r
                0x0011ca94       0x30 D:/devkitPro/devkitARM/bin/../lib/gcc/arm-none-eabi/15.2.0/../../../../arm-none-eabi/lib/armv6k/fpu\libsysbase.a(libsysbase_libsysbase_a-gettod.o)
                0x0011ca94                _gettimeofday_r
 .text.__release_handle
                0x0011cac4       0xa0 D:/devkitPro/devkitARM/bin/../lib/gcc/arm-none-eabi/15.2.0/../../../../arm-none-eabi/lib/armv6k/fpu\libsysbase.a(libsysbase_libsysbase_a-handle_manager.o)
                0x0011cac4                __release_handle
 .text.__alloc_handle
                0x0011cb64       0xb0 D:/devkitPro/devkitARM/bin/../lib/gcc/arm-none-eabi/15.2.0/../../../../arm-none-eabi/lib/armv6k/fpu\libsysbase.a(libsysbase_libsysbase_a-handle_manager.o)
                0x0011cb64                __alloc_handle
 .text.__get_handle
                0x0011cc14       0x58 D:/devkitPro/devkitARM/bin/../lib/gcc/arm-none-eabi/15.2.0/../../../../arm-none-eabi/lib/armv6k/fpu\libsysbase.a(libsysbase_libsysbase_a-handle_manager.o)
                0x0011cc14                __get_handle
 .text._close_r
                0x0011cc6c      0x110 D:/devkitPro/devkitARM/bin/../lib/gcc/arm-none-eabi/15.2.0/../../../../arm-none-eabi/lib/armv6k/fpu\libsysbase.a(libsysbase_libsysbase_a-handle_manager.o)
                0x0011cc6c                _close_r
 .text.null_write
                0x0011cd7c        0x8 D:/devkitPro/devkitARM/bin/../lib/gcc/arm-none-eabi/15.2.0/../../../../arm-none-eabi/lib/armv6k/fpu\libsysbase.a(libsysbase_libsysbase_a-iosupport.o)
 .text.setDefaultDevice
                0x0011cd84       0x18 D:/devkitPro/devkitARM/bin/../lib/gcc/arm-none-eabi/15.2.0/../../../../arm-none-eabi/lib/armv6k/fpu\libsysbase.a(libsysbase_libsysbase_a-iosupport.o)
                0x0011cd84                setDefaultDevice
 .text.FindDevice
                0x0011cd9c       0x98 D:/devkitPro/devkitARM/bin/../lib/gcc/arm-none-eabi/15.2.0/../../../../arm-none-eabi/lib/armv6k/fpu\libsysbase.a(libsysbase_libsysbase_a-iosupport.o)
                0x0011cd9c                FindDevice
 .text.RemoveDevice
                0x0011ce34       0x24 D:/devkitPro/devkitARM/bin/../lib/gcc/arm-none-eabi/15.2.0/../../../../arm-none-eabi/lib/armv6k/fpu\libsysbase.a(libsysbase_libsysbase_a-iosupport.o)
                0x0011ce34                RemoveDevice
 .text.AddDevice
                0x0011ce58       0x88 D:/devkitPro/devkitARM/bin/../lib/gcc/arm-none-eabi/15.2.0/../../../../arm-none-eabi/lib/armv6k/fpu\libsysbase.a(libsysbase_libsysbase_a-iosupport.o)
                0x0011ce58                AddDevice
 .text.GetDeviceOpTab
                0x0011cee0       0x20 D:/devkitPro/devkitARM/bin/../lib/gcc/arm-none-eabi/15.2.0/../../../../arm-none-eabi/lib/armv6k/fpu\libsysbase.a(libsysbase_libsysbase_a-iosupport.o)
                0x0011cee0                GetDeviceOpTab
 .text._isatty_r
                0x0011cf00        0x8 D:/devkitPro/devkitARM/bin/../lib/gcc/arm-none-eabi/15.2.0/../../../../arm-none-eabi/lib/armv6k/fpu\libsysbase.a(libsysbase_libsysbase_a-isatty.o)
                0x0011cf00                _isatty_r
 .text._kill_r  0x0011cf08       0x14 D:/devkitPro/devkitARM/bin/../lib/gcc/arm-none-eabi/15.2.0/../../../../arm-none-eabi/lib/armv6k/fpu\libsysbase.a(libsysbase_libsysbase_a-kill.o)
                0x0011cf08                _kill_r
 .text._lseek_r
                0x0011cf1c       0x94 D:/devkitPro/devkitARM/bin/../lib/gcc/arm-none-eabi/15.2.0/../../../../arm-none-eabi/lib/armv6k/fpu\libsysbase.a(libsysbase_libsysbase_a-lseek.o)
                0x0011cf1c                _lseek_r
 .text._open_r  0x0011cfb0       0xc0 D:/devkitPro/devkitARM/bin/../lib/gcc/arm-none-eabi/15.2.0/../../../../arm-none-eabi/lib/armv6k/fpu\libsysbase.a(libsysbase_libsysbase_a-open.o)
                0x0011cfb0                _open_r
 .text._read_r  0x0011d070       0x94 D:/devkitPro/devkitARM/bin/../lib/gcc/arm-none-eabi/15.2.0/../../../../arm-none-eabi/lib/armv6k/fpu\libsysbase.a(libsysbase_libsysbase_a-read.o)
                0x0011d070                _read_r
 .text._sbrk_r  0x0011d104       0x78 D:/devkitPro/devkitARM/bin/../lib/gcc/arm-none-eabi/15.2.0/../../../../arm-none-eabi/lib/armv6k/fpu\libsysbase.a(libsysbase_libsysbase_a-sbrk.o)
                0x0011d104                _sbrk_r
 .text.__libc_lock_acquire
                0x0011d17c       0x1c D:/devkitPro/devkitARM/bin/../lib/gcc/arm-none-eabi/15.2.0/../../../../arm-none-eabi/lib/armv6k/fpu\libsysbase.a(libsysbase_libsysbase_a-syscall_support.o)
                0x0011d17c                __libc_lock_acquire
 .text.__libc_lock_release
                0x0011d198       0x1c D:/devkitPro/devkitARM/bin/../lib/gcc/arm-none-eabi/15.2.0/../../../../arm-none-eabi/lib/armv6k/fpu\libsysbase.a(libsysbase_libsysbase_a-syscall_support.o)
                0x0011d198                __libc_lock_release
 .text.__libc_lock_acquire_recursive
                0x0011d1b4       0x1c D:/devkitPro/devkitARM/bin/../lib/gcc/arm-none-eabi/15.2.0/../../../../arm-none-eabi/lib/armv6k/fpu\libsysbase.a(libsysbase_libsysbase_a-syscall_support.o)
                0x0011d1b4                __libc_lock_acquire_recursive
 .text.__libc_lock_release_recursive
                0x0011d1d0       0x1c D:/devkitPro/devkitARM/bin/../lib/gcc/arm-none-eabi/15.2.0/../../../../arm-none-eabi/lib/armv6k/fpu\libsysbase.a(libsysbase_libsysbase_a-syscall_support.o)
                0x0011d1d0                __libc_lock_release_recursive
 .text._write_r
                0x0011d1ec       0x94 D:/devkitPro/devkitARM/bin/../lib/gcc/arm-none-eabi/15.2.0/../../../../arm-none-eabi/lib/armv6k/fpu\libsysbase.a(libsysbase_libsysbase_a-write.o)
                0x0011d1ec                _write_r
 .text.strrchr  0x0011d280       0x48 D:/devkitPro/devkitARM/bin/../lib/gcc/arm-none-eabi/15.2.0/../../../../arm-none-eabi/lib/armv6k/fpu\libg.a(libc_a-strrchr.o)
                0x0011d280                strrchr
 *(.glue_7)
 .glue_7        0x0011d2c8        0x0 linker stubs
 *(.glue_7t)
 .glue_7t       0x0011d2c8        0x0 linker stubs
 *(.stub)
 *(.gnu.warning)
 *(.gnu.linkonce.t*)
                0x0011d2c8                        . = ALIGN (0x4)
 *(.fini)
 .fini          0x0011d2c8        0xc D:/devkitPro/devkitARM/bin/../lib/gcc/arm-none-eabi/15.2.0/armv6k/fpu/crti.o
                0x0011d2c8                _fini
 .fini          0x0011d2d4        0xc D:/devkitPro/devkitARM/bin/../lib/gcc/arm-none-eabi/15.2.0/armv6k/fpu/crtn.o
                0x0011d2e0                        . = ALIGN (0x4)

.vfp11_veneer   0x0011d2e0        0x0
 .vfp11_veneer  0x0011d2e0        0x0 linker stubs

.v4_bx          0x0011d2e0        0x0
 .v4_bx         0x0011d2e0        0x0 linker stubs

.iplt           0x0011d2e0        0x0
 .iplt          0x0011d2e0        0x0 D:/devkitPro/devkitARM/bin/../lib/gcc/arm-none-eabi/15.2.0/../../../../arm-none-eabi/lib/armv6k/fpu/3dsx_crt0.o
                0x0011e000                        . = ALIGN (0x1000)

.rodata         0x0011e000     0x1848
 *(.rodata)
 .rodata        0x0011e000       0x10 main.o
 .rodata        0x0011e010        0xc D:/devkitPro/libctru/lib\libctru.a(romfs_dev.o)
 .rodata        0x0011e01c       0x18 D:/devkitPro/libctru/lib\libctru.a(ndsp.o)
 .rodata        0x0011e034        0xc D:/devkitPro/libctru/lib\libctru.a(archive_dev.o)
 *(.roda)
 *(.rodata.*)
 .rodata.str1.4
                0x0011e040      0x4b9 main.o
                                0x248 (size before relaxing)
 .rodata.consolePrintChar
                0x0011e4f9        0x6 D:/devkitPro/libctru/lib\libctru.a(console.o)
 *fill*         0x0011e4ff        0x1 
 .rodata.con_write
                0x0011e500      0x23c D:/devkitPro/libctru/lib\libctru.a(console.o)
 .rodata.str1.4
                0x0011e73c        0x0 D:/devkitPro/libctru/lib\libctru.a(console.o)
                                 0x10 (size before relaxing)
 .rodata.dotab_stdout
                0x0011e73c       0x80 D:/devkitPro/libctru/lib\libctru.a(console.o)
 .rodata.grayScale
                0x0011e7bc       0x18 D:/devkitPro/libctru/lib\libctru.a(console.o)
 .rodata.colorCube
                0x0011e7d4        0x6 D:/devkitPro/libctru/lib\libctru.a(console.o)
 *fill*         0x0011e7da        0x2 
 .rodata.colorTable
                0x0011e7dc       0x30 D:/devkitPro/libctru/lib\libctru.a(console.o)
 .rodata.romfs_dirnext.str1.4
                0x0011e80c        0x0 D:/devkitPro/libctru/lib\libctru.a(romfs_dev.o)
                                  0x7 (size before relaxing)
 .rodata.romfsMountSelf.str1.4
                0x0011e80c        0x0 D:/devkitPro/libctru/lib\libctru.a(romfs_dev.o)
                                 0x19 (size before relaxing)
 .rodata.str1.4
                0x0011e80c        0x0 D:/devkitPro/libctru/lib\libctru.a(romfs_dev.o)
                                  0x1 (size before relaxing)
 .rodata.romFS_devoptab
                0x0011e80c       0x80 D:/devkitPro/libctru/lib\libctru.a(romfs_dev.o)
 .rodata.ndspInit.str1.4
                0x0011e88c        0x0 D:/devkitPro/libctru/lib\libctru.a(ndsp.o)
                                  0x8 (size before relaxing)
 .rodata.dsp_filename.0
                0x0011e88c       0x11 D:/devkitPro/libctru/lib\libctru.a(ndsp.o)
 .rodata.str1.4
                0x0011e89d        0x0 D:/devkitPro/libctru/lib\libctru.a(ndsp.o)
                                  0x1 (size before relaxing)
 .rodata.aptEventHandler
                0x0011e89d        0xb D:/devkitPro/libctru/lib\libctru.a(apt.o)
 .rodata.aptWaitForWakeUp.isra.0
                0x0011e8a8       0x11 D:/devkitPro/libctru/lib\libctru.a(apt.o)
 *fill*         0x0011e8b9        0x3 
 .rodata.morton_y.2
                0x0011e8bc        0x8 D:/devkitPro/libctru/lib\libctru.a(apt.o)
 .rodata.morton_x.3
                0x0011e8c4        0x8 D:/devkitPro/libctru/lib\libctru.a(apt.o)
 .rodata.s_sleepWakeEvents.4
                0x0011e8cc        0x8 D:/devkitPro/libctru/lib\libctru.a(apt.o)
 .rodata.str1.4
                0x0011e8d4        0x0 D:/devkitPro/libctru/lib\libctru.a(apt.o)
                                 0x16 (size before relaxing)
 .rodata.serviceNameTable.5
                0x0011e8d4        0xc D:/devkitPro/libctru/lib\libctru.a(apt.o)
 .rodata.cfguInit.str1.4
                0x0011e8e0        0x0 D:/devkitPro/libctru/lib\libctru.a(cfgu.o)
                                 0x16 (size before relaxing)
 .rodata.dspInit.str1.4
                0x0011e8e0        0x0 D:/devkitPro/libctru/lib\libctru.a(dsp.o)
                                  0x9 (size before relaxing)
 .rodata.fsInit.str1.4
                0x0011e8e0        0x0 D:/devkitPro/libctru/lib\libctru.a(fs.o)
                                  0x8 (size before relaxing)
 .rodata.gspInit.str1.4
                0x0011e8e0        0x0 D:/devkitPro/libctru/lib\libctru.a(gspgpu.o)
                                  0x9 (size before relaxing)
 .rodata.hidInit.str1.4
                0x0011e8e0        0x0 D:/devkitPro/libctru/lib\libctru.a(hid.o)
                                 0x15 (size before relaxing)
 .rodata.irrstInit.str1.4
                0x0011e8e0        0x0 D:/devkitPro/libctru/lib\libctru.a(irrst.o)
                                  0x7 (size before relaxing)
 .rodata.ptmSysmInit.str1.4
                0x0011e8e0        0x0 D:/devkitPro/libctru/lib\libctru.a(ptmsysm.o)
                                  0x9 (size before relaxing)
 .rodata.__system_initArgv.str1.4
                0x0011e8e0        0x0 D:/devkitPro/libctru/lib\libctru.a(initArgv.o)
                                  0xa (size before relaxing)
 .rodata.default_font_bin
                0x0011e8e0      0x800 D:/devkitPro/libctru/lib\libctru.a(default_font.bin.o)
                0x0011e8e0                default_font_bin
                0x0011f0e0                default_font_bin_end
 .rodata.srvInit.str1.4
                0x0011f0e0        0x0 D:/devkitPro/libctru/lib\libctru.a(srv.o)
                                  0x5 (size before relaxing)
 .rodata.archive_utf16path.str1.4
                0x0011f0e0        0x0 D:/devkitPro/libctru/lib\libctru.a(archive_dev.o)
                                  0x2 (size before relaxing)
 .rodata._archiveUnmountDeviceStruct.part.0.str1.4
                0x0011f0e0        0x0 D:/devkitPro/libctru/lib\libctru.a(archive_dev.o)
                                  0x2 (size before relaxing)
 .rodata._archiveMountDevice.str1.4
                0x0011f0e0        0x0 D:/devkitPro/libctru/lib\libctru.a(archive_dev.o)
                                  0xc (size before relaxing)
 .rodata.archiveMountSdmc.str1.4
                0x0011f0e0        0x0 D:/devkitPro/libctru/lib\libctru.a(archive_dev.o)
                                  0x5 (size before relaxing)
 .rodata.error_table
                0x0011f0e0       0x30 D:/devkitPro/libctru/lib\libctru.a(archive_dev.o)
 .rodata.str1.4
                0x0011f110        0x0 D:/devkitPro/libctru/lib\libctru.a(archive_dev.o)
                                  0x8 (size before relaxing)
 .rodata.archive_devoptab
                0x0011f110       0x80 D:/devkitPro/libctru/lib\libctru.a(archive_dev.o)
 .rodata._puts_r.str1.4
                0x0011f190        0x0 D:/devkitPro/devkitARM/bin/../lib/gcc/arm-none-eabi/15.2.0/../../../../arm-none-eabi/lib/armv6k/fpu\libg.a(libc_a-puts.o)
                                  0x2 (size before relaxing)
 .rodata._ctype_
                0x0011f190      0x101 D:/devkitPro/devkitARM/bin/../lib/gcc/arm-none-eabi/15.2.0/../../../../arm-none-eabi/lib/armv6k/fpu\libg.a(libc_a-ctype_.o)
                0x0011f190                _ctype_
 *fill*         0x0011f291        0x1 
 .rodata.get_arg
                0x0011f292       0x34 D:/devkitPro/devkitARM/bin/../lib/gcc/arm-none-eabi/15.2.0/../../../../arm-none-eabi/lib/armv6k/fpu\libg.a(libc_a-vfprintf.o)
 .rodata._vfprintf_r.str1.1
                0x0011f2c6       0x3b D:/devkitPro/devkitARM/bin/../lib/gcc/arm-none-eabi/15.2.0/../../../../arm-none-eabi/lib/armv6k/fpu\libg.a(libc_a-vfprintf.o)
 *fill*         0x0011f301        0x1 
 .rodata._vfprintf_r
                0x0011f302       0xb6 D:/devkitPro/devkitARM/bin/../lib/gcc/arm-none-eabi/15.2.0/../../../../arm-none-eabi/lib/armv6k/fpu\libg.a(libc_a-vfprintf.o)
 .rodata.zeroes.0
                0x0011f3b8       0x10 D:/devkitPro/devkitARM/bin/../lib/gcc/arm-none-eabi/15.2.0/../../../../arm-none-eabi/lib/armv6k/fpu\libg.a(libc_a-vfprintf.o)
 .rodata.blanks.1
                0x0011f3c8       0x10 D:/devkitPro/devkitARM/bin/../lib/gcc/arm-none-eabi/15.2.0/../../../../arm-none-eabi/lib/armv6k/fpu\libg.a(libc_a-vfprintf.o)
 .rodata.__action_table
                0x0011f3d8       0x6c D:/devkitPro/devkitARM/bin/../lib/gcc/arm-none-eabi/15.2.0/../../../../arm-none-eabi/lib/armv6k/fpu\libg.a(libc_a-svfiprintf.o)
                0x0011f3d8                __action_table
 .rodata.__state_table
                0x0011f444       0x6c D:/devkitPro/devkitARM/bin/../lib/gcc/arm-none-eabi/15.2.0/../../../../arm-none-eabi/lib/armv6k/fpu\libg.a(libc_a-svfiprintf.o)
                0x0011f444                __state_table
 .rodata.__chclass
                0x0011f4b0      0x100 D:/devkitPro/devkitARM/bin/../lib/gcc/arm-none-eabi/15.2.0/../../../../arm-none-eabi/lib/armv6k/fpu\libg.a(libc_a-svfiprintf.o)
                0x0011f4b0                __chclass
 .rodata.str1.4
                0x0011f5b0        0x0 D:/devkitPro/devkitARM/bin/../lib/gcc/arm-none-eabi/15.2.0/../../../../arm-none-eabi/lib/armv6k/fpu\libg.a(libc_a-locale.o)
                                 0x4c (size before relaxing)
 .rodata._dtoa_r.str1.4
                0x0011f5b0        0x0 D:/devkitPro/devkitARM/bin/../lib/gcc/arm-none-eabi/15.2.0/../../../../arm-none-eabi/lib/armv6k/fpu\libg.a(libc_a-dtoa.o)
                                 0x9c (size before relaxing)
 .rodata._dtoa_r
                0x0011f5b0        0x8 D:/devkitPro/devkitARM/bin/../lib/gcc/arm-none-eabi/15.2.0/../../../../arm-none-eabi/lib/armv6k/fpu\libg.a(libc_a-dtoa.o)
 .rodata.__assert_func.str1.4
                0x0011f5b8        0x0 D:/devkitPro/devkitARM/bin/../lib/gcc/arm-none-eabi/15.2.0/../../../../arm-none-eabi/lib/armv6k/fpu\libg.a(libc_a-assert.o)
                                 0x43 (size before relaxing)
 .rodata.__multadd.str1.4
                0x0011f5b8        0x0 D:/devkitPro/devkitARM/bin/../lib/gcc/arm-none-eabi/15.2.0/../../../../arm-none-eabi/lib/armv6k/fpu\libg.a(libc_a-mprec.o)
                                 0x89 (size before relaxing)
 .rodata.p05.0  0x0011f5b8        0xc D:/devkitPro/devkitARM/bin/../lib/gcc/arm-none-eabi/15.2.0/../../../../arm-none-eabi/lib/armv6k/fpu\libg.a(libc_a-mprec.o)
 *fill*         0x0011f5c4        0x4 
 .rodata.__mprec_bigtens
                0x0011f5c8       0x28 D:/devkitPro/devkitARM/bin/../lib/gcc/arm-none-eabi/15.2.0/../../../../arm-none-eabi/lib/armv6k/fpu\libg.a(libc_a-mprec.o)
                0x0011f5c8                __mprec_bigtens
 .rodata.__mprec_tens
                0x0011f5f0       0xc8 D:/devkitPro/devkitARM/bin/../lib/gcc/arm-none-eabi/15.2.0/../../../../arm-none-eabi/lib/armv6k/fpu\libg.a(libc_a-mprec.o)
                0x0011f5f0                __mprec_tens
 .rodata.get_arg
                0x0011f6b8       0x34 D:/devkitPro/devkitARM/bin/../lib/gcc/arm-none-eabi/15.2.0/../../../../arm-none-eabi/lib/armv6k/fpu\libg.a(libc_a-vfiprintf.o)
 .rodata._vfiprintf_r.str1.1
                0x0011f6ec        0x0 D:/devkitPro/devkitARM/bin/../lib/gcc/arm-none-eabi/15.2.0/../../../../arm-none-eabi/lib/armv6k/fpu\libg.a(libc_a-vfiprintf.o)
                                 0x29 (size before relaxing)
 .rodata._vfiprintf_r
                0x0011f6ec       0xb6 D:/devkitPro/devkitARM/bin/../lib/gcc/arm-none-eabi/15.2.0/../../../../arm-none-eabi/lib/armv6k/fpu\libg.a(libc_a-vfiprintf.o)
 *fill*         0x0011f7a2        0x2 
 .rodata.zeroes.0
                0x0011f7a4       0x10 D:/devkitPro/devkitARM/bin/../lib/gcc/arm-none-eabi/15.2.0/../../../../arm-none-eabi/lib/armv6k/fpu\libg.a(libc_a-vfiprintf.o)
 .rodata.blanks.1
                0x0011f7b4       0x10 D:/devkitPro/devkitARM/bin/../lib/gcc/arm-none-eabi/15.2.0/../../../../arm-none-eabi/lib/armv6k/fpu\libg.a(libc_a-vfiprintf.o)
 .rodata.str1.4
                0x0011f7c4        0x0 D:/devkitPro/devkitARM/bin/../lib/gcc/arm-none-eabi/15.2.0/../../../../arm-none-eabi/lib/armv6k/fpu\libsysbase.a(libsysbase_libsysbase_a-iosupport.o)
                                  0x8 (size before relaxing)
 .rodata.dotab_stdnull
                0x0011f7c4       0x80 D:/devkitPro/devkitARM/bin/../lib/gcc/arm-none-eabi/15.2.0/../../../../arm-none-eabi/lib/armv6k/fpu\libsysbase.a(libsysbase_libsysbase_a-iosupport.o)
                0x0011f7c4                dotab_stdnull
 *all.rodata*(*)
 *(.gnu.linkonce.r*)
                0x0011f844                        . = ALIGN (0x4)
                0x0011f844                        __tdata_align = .
                0x0011f844        0x4 LONG 0x4 ALIGNOF (.tdata)
                0x0011f848                        . = ALIGN (0x4)

.eh_frame       0x0011f848        0x0
 .eh_frame      0x0011f848        0x0 D:/devkitPro/devkitARM/bin/../lib/gcc/arm-none-eabi/15.2.0/armv6k/fpu/crtbegin.o

.rel.dyn        0x0011f848        0x0
 .rel.iplt      0x0011f848        0x0 D:/devkitPro/devkitARM/bin/../lib/gcc/arm-none-eabi/15.2.0/../../../../arm-none-eabi/lib/armv6k/fpu/3dsx_crt0.o
 .rel.got       0x0011f848        0x0 D:/devkitPro/devkitARM/bin/../lib/gcc/arm-none-eabi/15.2.0/../../../../arm-none-eabi/lib/armv6k/fpu/3dsx_crt0.o

.ARM.extab
 *(.ARM.extab* .gnu.linkonce.armextab.*)
                0x0011f848                        __exidx_start = .

.ARM.exidx
 *(.ARM.exidx* .gnu.linkonce.armexidx.*)
                0x0011f848                        __exidx_end = .
                0x00120000                        . = ALIGN (0x1000)

.data           0x00120000     0x1e1c
 *(.data)
 .data          0x00120000       0x8c main.o
                0x00120000                best_full
                0x00120008                dx
                0x00120018                dy
                0x00120028                bg_colors